<html>
<body>
<pre>
<h1>µVision Build Log</h1>
<h2>Tool Versions:</h2>
IDE-Version: £gVision V5.26.2.0
Copyright (C) 2018 ARM Ltd and ARM Germany GmbH. All rights reserved.
License Information: WT WT WT Flex license: MDK-ARM Professional: 4 user(s) (mdk_pro) Support: May 2019
 
Tool Versions:
Toolchain:       MDK-ARM Professional: 4 user(s)  Version: 5.26.2.0
Toolchain Path:  C:\Keil_v5\ARM\ARMCC\Bin
C Compiler:      Armcc.exe V5.06 update 6 (build 750)
Assembler:       Armasm.exe V5.06 update 6 (build 750)
Linker/Locator:  ArmLink.exe V5.06 update 6 (build 750)
Library Manager: ArmAr.exe V5.06 update 6 (build 750)
Hex Converter:   FromElf.exe V5.06 update 6 (build 750)
CPU DLL:         SARMCM3.DLL V5.26.2.0
Dialog DLL:      DCM.DLL V1.17.2.0
Target DLL:      STLink\ST-LINKIII-KEIL_SWO.dll V3.0.5.0
Dialog DLL:      TCM.DLL V1.36.1.0
 
<h2>Project:</h2>
D:\SourceCode\_Avery_STM32F40X\STM32F401_Cube_FW_F4_V1.18.0_I2C_LSM6DS3\Projects\STM32F401RE-Nucleo\Templates\MDK-ARM\Project.uvprojx
Project File Date:  11/12/2018

<h2>Output:</h2>
*** Using Compiler 'V5.06 update 6 (build 750)', folder: 'C:\Keil_v5\ARM\ARMCC\Bin'
Rebuild target 'STM32F4xx-Nucleo'
compiling stm32f4xx_ll_fmc.c...
compiling stm32f4xx_nucleo.c...
compiling stm32f4xx_hal_tim_ex.c...
compiling stm32f4xx_hal_flash.c...
compiling stm32f4xx_hal_hash_ex.c...
compiling stm32f4xx_hal_sd.c...
compiling stm32f4xx_hal_dcmi.c...
compiling stm32f4xx_hal_dac_ex.c...
compiling stm32f4xx_hal_uart.c...
compiling stm32f4xx_hal_wwdg.c...
compiling stm32f4xx_hal_cryp.c...
compiling stm32f4xx_hal_pcd.c...
compiling stm32f4xx_hal_sram.c...
compiling stm32f4xx_hal_rtc.c...
compiling stm32f4xx_hal_i2s.c...
compiling stm32f4xx_hal_pwr.c...
compiling stm32f4xx_ll_sdmmc.c...
compiling stm32f4xx_hal_adc_ex.c...
compiling stm32f4xx_hal_can.c...
compiling stm32f4xx_hal_rcc.c...
compiling stm32f4xx_hal_iwdg.c...
compiling stm32f4xx_hal_i2c_ex.c...
compiling stm32f4xx_hal_flash_ex.c...
compiling stm32f4xx_hal_smartcard.c...
compiling stm32f4xx_hal_pccard.c...
compiling stm32f4xx_hal_rng.c...
compiling stm32f4xx_hal_nor.c...
compiling stm32f4xx_hal_ltdc.c...
compiling stm32f4xx_hal_dma_ex.c...
compiling stm32f4xx_hal_adc.c...
compiling stm32f4xx_hal_hash.c...
compiling stm32f4xx_ll_usb.c...
compiling stm32f4xx_hal_rtc_ex.c...
compiling stm32f4xx_hal_cortex.c...
compiling stm32f4xx_hal_irda.c...
compiling stm32f4xx_hal_hcd.c...
compiling stm32f4xx_hal_dac.c...
compiling stm32f4xx_hal_usart.c...
compiling stm32f4xx_hal_spi.c...
compiling stm32f4xx_hal_crc.c...
compiling stm32f4xx_hal_dma.c...
compiling stm32f4xx_hal_i2c.c...
compiling stm32f4xx_hal.c...
compiling stm32f4xx_hal_pwr_ex.c...
compiling stm32f4xx_hal_i2s_ex.c...
compiling stm32f4xx_hal_nand.c...
compiling stm32f4xx_hal_cryp_ex.c...
compiling stm32f4xx_hal_tim.c...
compiling stm32f4xx_hal_eth.c...
compiling stm32f4xx_hal_rcc_ex.c...
compiling stm32f4xx_hal_gpio.c...
assembling startup_stm32f401xe.s...
compiling stm32f4xx_ll_fsmc.c...
compiling stm32f4xx_it.c...
compiling stm32f4xx_hal_msp.c...
compiling Custom_Button.c...
compiling Hw_config.c...
compiling main.c...
compiling macro.c...
..\Src\macro.c(18): warning:  #186-D: pointless comparison of unsigned integer with zero
  	if((aHex>=0)&&(aHex<=9))
..\Src\macro.c: 1 warning, 0 errors
compiling system_stm32f4xx.c...
compiling MEMS_Calculate.c...
..\Src\MEMS_Calculate.c(23): warning:  #177-D: variable "angle"  was declared but never referenced
  static float angle, angle_dot, f_angle, f_angle_dot;
..\Src\MEMS_Calculate.c: 1 warning, 0 errors
compiling stm32f4xx_LSM6DS3.c...
compiling kalman_filter.c...
linking...
Program Size: Code=17460 RO-data=856 RW-data=156 ZI-data=1444  
FromELF: creating hex file...
After Build - User command #1: C:\Keil_v5\\ARM\ARMCC\bin\fromelf.exe --bin --output=STM32F4xx-Nucleo.bin STM32F4xx-Nucleo\STM32F4xx-Nucleo.axf
"STM32F4xx-Nucleo\STM32F4xx-Nucleo.axf" - 0 Error(s), 2 Warning(s).

<h2>Software Packages used:</h2>

Package Vendor: ARM
                http://www.keil.com/pack/ARM.CMSIS.5.4.0.pack
                ARM.CMSIS.5.4.0
                CMSIS (Cortex Microcontroller Software Interface Standard)
   * Component: CORE Version: 5.1.2

Package Vendor: Keil
                http://www.keil.com/pack/Keil.STM32F4xx_DFP.2.13.0.pack
                Keil.STM32F4xx_DFP.2.13.0
                STMicroelectronics STM32F4 Series Device Support, Drivers and Examples

<h2>Collection of Component include folders:</h2>
  .\RTE\_STM32F4xx-Nucleo
  C:\Keil_v5\ARM\PACK\ARM\CMSIS\5.4.0\CMSIS\Core\Include
  C:\Keil_v5\ARM\PACK\Keil\STM32F4xx_DFP\2.13.0\Drivers\CMSIS\Device\ST\STM32F4xx\Include

<h2>Collection of Component Files used:</h2>

   * Component: ARM::CMSIS:CORE:5.1.2
Build Time Elapsed:  00:01:42
</pre>
</body>
</html>
