Component: ARM Compiler 5.06 update 6 (build 750) Tool: armlink [4d35ed]

==============================================================================

Section Cross References

    stm32f4xx_nucleo.o(i.ADCx_Init) refers to stm32f4xx_hal_adc.o(i.HAL_ADC_GetState) for HAL_ADC_GetState
    stm32f4xx_nucleo.o(i.ADCx_Init) refers to stm32f4xx_hal_gpio.o(i.HAL_GPIO_Init) for HAL_GPIO_Init
    stm32f4xx_nucleo.o(i.ADCx_Init) refers to stm32f4xx_hal_adc.o(i.HAL_ADC_Init) for HAL_ADC_Init
    stm32f4xx_nucleo.o(i.ADCx_Init) refers to stm32f4xx_nucleo.o(.bss) for .bss
    stm32f4xx_nucleo.o(i.BSP_JOY_DeInit) refers to stm32f4xx_hal_adc.o(i.HAL_ADC_DeInit) for HAL_ADC_DeInit
    stm32f4xx_nucleo.o(i.BSP_JOY_DeInit) refers to stm32f4xx_hal_gpio.o(i.HAL_GPIO_DeInit) for HAL_GPIO_DeInit
    stm32f4xx_nucleo.o(i.BSP_JOY_DeInit) refers to stm32f4xx_nucleo.o(.bss) for .bss
    stm32f4xx_nucleo.o(i.BSP_JOY_GetState) refers to stm32f4xx_hal_adc.o(i.HAL_ADC_Start) for HAL_ADC_Start
    stm32f4xx_nucleo.o(i.BSP_JOY_GetState) refers to stm32f4xx_hal_adc.o(i.HAL_ADC_PollForConversion) for HAL_ADC_PollForConversion
    stm32f4xx_nucleo.o(i.BSP_JOY_GetState) refers to stm32f4xx_hal_adc.o(i.HAL_ADC_GetState) for HAL_ADC_GetState
    stm32f4xx_nucleo.o(i.BSP_JOY_GetState) refers to stm32f4xx_hal_adc.o(i.HAL_ADC_GetValue) for HAL_ADC_GetValue
    stm32f4xx_nucleo.o(i.BSP_JOY_GetState) refers to stm32f4xx_nucleo.o(.bss) for .bss
    stm32f4xx_nucleo.o(i.BSP_JOY_Init) refers to stm32f4xx_nucleo.o(i.ADCx_Init) for ADCx_Init
    stm32f4xx_nucleo.o(i.BSP_JOY_Init) refers to stm32f4xx_hal_adc.o(i.HAL_ADC_ConfigChannel) for HAL_ADC_ConfigChannel
    stm32f4xx_nucleo.o(i.BSP_JOY_Init) refers to stm32f4xx_nucleo.o(.bss) for .bss
    stm32f4xx_nucleo.o(i.BSP_LED_DeInit) refers to stm32f4xx_hal_gpio.o(i.HAL_GPIO_WritePin) for HAL_GPIO_WritePin
    stm32f4xx_nucleo.o(i.BSP_LED_DeInit) refers to stm32f4xx_hal_gpio.o(i.HAL_GPIO_DeInit) for HAL_GPIO_DeInit
    stm32f4xx_nucleo.o(i.BSP_LED_DeInit) refers to stm32f4xx_nucleo.o(.constdata) for .constdata
    stm32f4xx_nucleo.o(i.BSP_LED_DeInit) refers to stm32f4xx_nucleo.o(.data) for .data
    stm32f4xx_nucleo.o(i.BSP_LED_Init) refers to stm32f4xx_hal_gpio.o(i.HAL_GPIO_Init) for HAL_GPIO_Init
    stm32f4xx_nucleo.o(i.BSP_LED_Init) refers to stm32f4xx_hal_gpio.o(i.HAL_GPIO_WritePin) for HAL_GPIO_WritePin
    stm32f4xx_nucleo.o(i.BSP_LED_Init) refers to stm32f4xx_nucleo.o(.constdata) for .constdata
    stm32f4xx_nucleo.o(i.BSP_LED_Init) refers to stm32f4xx_nucleo.o(.data) for .data
    stm32f4xx_nucleo.o(i.BSP_LED_Off) refers to stm32f4xx_hal_gpio.o(i.HAL_GPIO_WritePin) for HAL_GPIO_WritePin
    stm32f4xx_nucleo.o(i.BSP_LED_Off) refers to stm32f4xx_nucleo.o(.constdata) for .constdata
    stm32f4xx_nucleo.o(i.BSP_LED_Off) refers to stm32f4xx_nucleo.o(.data) for .data
    stm32f4xx_nucleo.o(i.BSP_LED_On) refers to stm32f4xx_hal_gpio.o(i.HAL_GPIO_WritePin) for HAL_GPIO_WritePin
    stm32f4xx_nucleo.o(i.BSP_LED_On) refers to stm32f4xx_nucleo.o(.constdata) for .constdata
    stm32f4xx_nucleo.o(i.BSP_LED_On) refers to stm32f4xx_nucleo.o(.data) for .data
    stm32f4xx_nucleo.o(i.BSP_LED_Toggle) refers to stm32f4xx_hal_gpio.o(i.HAL_GPIO_TogglePin) for HAL_GPIO_TogglePin
    stm32f4xx_nucleo.o(i.BSP_LED_Toggle) refers to stm32f4xx_nucleo.o(.constdata) for .constdata
    stm32f4xx_nucleo.o(i.BSP_LED_Toggle) refers to stm32f4xx_nucleo.o(.data) for .data
    stm32f4xx_nucleo.o(i.BSP_PB_DeInit) refers to stm32f4xx_hal_cortex.o(i.HAL_NVIC_DisableIRQ) for HAL_NVIC_DisableIRQ
    stm32f4xx_nucleo.o(i.BSP_PB_DeInit) refers to stm32f4xx_hal_gpio.o(i.HAL_GPIO_DeInit) for HAL_GPIO_DeInit
    stm32f4xx_nucleo.o(i.BSP_PB_DeInit) refers to stm32f4xx_nucleo.o(.constdata) for .constdata
    stm32f4xx_nucleo.o(i.BSP_PB_DeInit) refers to stm32f4xx_nucleo.o(.data) for .data
    stm32f4xx_nucleo.o(i.BSP_PB_GetState) refers to stm32f4xx_hal_gpio.o(i.HAL_GPIO_ReadPin) for HAL_GPIO_ReadPin
    stm32f4xx_nucleo.o(i.BSP_PB_GetState) refers to stm32f4xx_nucleo.o(.constdata) for .constdata
    stm32f4xx_nucleo.o(i.BSP_PB_GetState) refers to stm32f4xx_nucleo.o(.data) for .data
    stm32f4xx_nucleo.o(i.BSP_PB_Init) refers to stm32f4xx_hal_gpio.o(i.HAL_GPIO_Init) for HAL_GPIO_Init
    stm32f4xx_nucleo.o(i.BSP_PB_Init) refers to stm32f4xx_hal_cortex.o(i.HAL_NVIC_SetPriority) for HAL_NVIC_SetPriority
    stm32f4xx_nucleo.o(i.BSP_PB_Init) refers to stm32f4xx_hal_cortex.o(i.HAL_NVIC_EnableIRQ) for HAL_NVIC_EnableIRQ
    stm32f4xx_nucleo.o(i.BSP_PB_Init) refers to stm32f4xx_nucleo.o(.constdata) for .constdata
    stm32f4xx_nucleo.o(i.BSP_PB_Init) refers to stm32f4xx_nucleo.o(.data) for .data
    stm32f4xx_nucleo.o(i.LCD_Delay) refers to stm32f4xx_hal.o(i.HAL_Delay) for HAL_Delay
    stm32f4xx_nucleo.o(i.LCD_IO_Init) refers to stm32f4xx_hal_gpio.o(i.HAL_GPIO_Init) for HAL_GPIO_Init
    stm32f4xx_nucleo.o(i.LCD_IO_Init) refers to stm32f4xx_hal_gpio.o(i.HAL_GPIO_WritePin) for HAL_GPIO_WritePin
[...]
    ..\..\..\..\Drivers\STM32F4xx_HAL_Driver\Src\stm32f4xx_ll_sdmmc.c 0x00000000   Number         0  stm32f4xx_ll_sdmmc.o ABSOLUTE
    ..\..\..\..\Drivers\STM32F4xx_HAL_Driver\Src\stm32f4xx_ll_usb.c 0x00000000   Number         0  stm32f4xx_ll_usb.o ABSOLUTE
    ..\Src\Custom_Button.c                   0x00000000   Number         0  custom_button.o ABSOLUTE
    ..\Src\Hw_config.c                       0x00000000   Number         0  hw_config.o ABSOLUTE
    ..\Src\Kalman_Filter\kalman_filter.c     0x00000000   Number         0  kalman_filter.o ABSOLUTE
    ..\Src\MEMS_Calculate.c                  0x00000000   Number         0  mems_calculate.o ABSOLUTE
    ..\Src\macro.c                           0x00000000   Number         0  macro.o ABSOLUTE
    ..\Src\main.c                            0x00000000   Number         0  main.o ABSOLUTE
    ..\Src\stm32f4xx_LSM6DS3.c               0x00000000   Number         0  stm32f4xx_lsm6ds3.o ABSOLUTE
    ..\Src\stm32f4xx_hal_msp.c               0x00000000   Number         0  stm32f4xx_hal_msp.o ABSOLUTE
    ..\Src\stm32f4xx_it.c                    0x00000000   Number         0  stm32f4xx_it.o ABSOLUTE
    ..\Src\system_stm32f4xx.c                0x00000000   Number         0  system_stm32f4xx.o ABSOLUTE
    ..\\..\\..\\..\\Drivers\\BSP\\STM32F4xx-Nucleo\\stm32f4xx_nucleo.c 0x00000000   Number         0  stm32f4xx_nucleo.o ABSOLUTE
    ..\\..\\..\\..\\Drivers\\STM32F4xx_HAL_Driver\\Src\\stm32f4xx_hal.c 0x00000000   Number         0  stm32f4xx_hal.o ABSOLUTE
    ..\\..\\..\\..\\Drivers\\STM32F4xx_HAL_Driver\\Src\\stm32f4xx_hal_adc.c 0x00000000   Number         0  stm32f4xx_hal_adc.o ABSOLUTE
    ..\\..\\..\\..\\Drivers\\STM32F4xx_HAL_Driver\\Src\\stm32f4xx_hal_adc_ex.c 0x00000000   Number         0  stm32f4xx_hal_adc_ex.o ABSOLUTE
    ..\\..\\..\\..\\Drivers\\STM32F4xx_HAL_Driver\\Src\\stm32f4xx_hal_can.c 0x00000000   Number         0  stm32f4xx_hal_can.o ABSOLUTE
    ..\\..\\..\\..\\Drivers\\STM32F4xx_HAL_Driver\\Src\\stm32f4xx_hal_cortex.c 0x00000000   Number         0  stm32f4xx_hal_cortex.o ABSOLUTE
    ..\\..\\..\\..\\Drivers\\STM32F4xx_HAL_Driver\\Src\\stm32f4xx_hal_crc.c 0x00000000   Number         0  stm32f4xx_hal_crc.o ABSOLUTE
    ..\\..\\..\\..\\Drivers\\STM32F4xx_HAL_Driver\\Src\\stm32f4xx_hal_cryp.c 0x00000000   Number         0  stm32f4xx_hal_cryp.o ABSOLUTE
    ..\\..\\..\\..\\Drivers\\STM32F4xx_HAL_Driver\\Src\\stm32f4xx_hal_cryp_ex.c 0x00000000   Number         0  stm32f4xx_hal_cryp_ex.o ABSOLUTE
    ..\\..\\..\\..\\Drivers\\STM32F4xx_HAL_Driver\\Src\\stm32f4xx_hal_dac.c 0x00000000   Number         0  stm32f4xx_hal_dac.o ABSOLUTE
    ..\\..\\..\\..\\Drivers\\STM32F4xx_HAL_Driver\\Src\\stm32f4xx_hal_dac_ex.c 0x00000000   Number         0  stm32f4xx_hal_dac_ex.o ABSOLUTE
    ..\\..\\..\\..\\Drivers\\STM32F4xx_HAL_Driver\\Src\\stm32f4xx_hal_dcmi.c 0x00000000   Number         0  stm32f4xx_hal_dcmi.o ABSOLUTE
    ..\\..\\..\\..\\Drivers\\STM32F4xx_HAL_Driver\\Src\\stm32f4xx_hal_dma.c 0x00000000   Number         0  stm32f4xx_hal_dma.o ABSOLUTE
    ..\\..\\..\\..\\Drivers\\STM32F4xx_HAL_Driver\\Src\\stm32f4xx_hal_dma_ex.c 0x00000000   Number         0  stm32f4xx_hal_dma_ex.o ABSOLUTE
    ..\\..\\..\\..\\Drivers\\STM32F4xx_HAL_Driver\\Src\\stm32f4xx_hal_eth.c 0x00000000   Number         0  stm32f4xx_hal_eth.o ABSOLUTE
    ..\\..\\..\\..\\Drivers\\STM32F4xx_HAL_Driver\\Src\\stm32f4xx_hal_flash.c 0x00000000   Number         0  stm32f4xx_hal_flash.o ABSOLUTE
    ..\\..\\..\\..\\Drivers\\STM32F4xx_HAL_Driver\\Src\\stm32f4xx_hal_flash_ex.c 0x00000000   Number         0  stm32f4xx_hal_flash_ex.o ABSOLUTE
    ..\\..\\..\\..\\Drivers\\STM32F4xx_HAL_Driver\\Src\\stm32f4xx_hal_gpio.c 0x00000000   Number         0  stm32f4xx_hal_gpio.o ABSOLUTE
    ..\\..\\..\\..\\Drivers\\STM32F4xx_HAL_Driver\\Src\\stm32f4xx_hal_hash.c 0x00000000   Number         0  stm32f4xx_hal_hash.o ABSOLUTE
    ..\\..\\..\\..\\Drivers\\STM32F4xx_HAL_Driver\\Src\\stm32f4xx_hal_hash_ex.c 0x00000000   Number         0  stm32f4xx_hal_hash_ex.o ABSOLUTE
    ..\\..\\..\\..\\Drivers\\STM32F4xx_HAL_Driver\\Src\\stm32f4xx_hal_hcd.c 0x00000000   Number         0  stm32f4xx_hal_hcd.o ABSOLUTE
    ..\\..\\..\\..\\Drivers\\STM32F4xx_HAL_Driver\\Src\\stm32f4xx_hal_i2c.c 0x00000000   Number         0  stm32f4xx_hal_i2c.o ABSOLUTE
    ..\\..\\..\\..\\Drivers\\STM32F4xx_HAL_Driver\\Src\\stm32f4xx_hal_i2c_ex.c 0x00000000   Number         0  stm32f4xx_hal_i2c_ex.o ABSOLUTE
    ..\\..\\..\\..\\Drivers\\STM32F4xx_HAL_Driver\\Src\\stm32f4xx_hal_i2s.c 0x00000000   Number         0  stm32f4xx_hal_i2s.o ABSOLUTE
    ..\\..\\..\\..\\Drivers\\STM32F4xx_HAL_Driver\\Src\\stm32f4xx_hal_i2s_ex.c 0x00000000   Number         0  stm32f4xx_hal_i2s_ex.o ABSOLUTE
    ..\\..\\..\\..\\Drivers\\STM32F4xx_HAL_Driver\\Src\\stm32f4xx_hal_irda.c 0x00000000   Number         0  stm32f4xx_hal_irda.o ABSOLUTE
    ..\\..\\..\\..\\Drivers\\STM32F4xx_HAL_Driver\\Src\\stm32f4xx_hal_iwdg.c 0x00000000   Number         0  stm32f4xx_hal_iwdg.o ABSOLUTE
    ..\\..\\..\\..\\Drivers\\STM32F4xx_HAL_Driver\\Src\\stm32f4xx_hal_ltdc.c 0x00000000   Number         0  stm32f4xx_hal_ltdc.o ABSOLUTE
    ..\\..\\..\\..\\Drivers\\STM32F4xx_HAL_Driver\\Src\\stm32f4xx_hal_nand.c 0x00000000   Number         0  stm32f4xx_hal_nand.o ABSOLUTE
    ..\\..\\..\\..\\Drivers\\STM32F4xx_HAL_Driver\\Src\\stm32f4xx_hal_nor.c 0x00000000   Number         0  stm32f4xx_hal_nor.o ABSOLUTE
    ..\\..\\..\\..\\Drivers\\STM32F4xx_HAL_Driver\\Src\\stm32f4xx_hal_pccard.c 0x00000000   Number         0  stm32f4xx_hal_pccard.o ABSOLUTE
    ..\\..\\..\\..\\Drivers\\STM32F4xx_HAL_Driver\\Src\\stm32f4xx_hal_pcd.c 0x00000000   Number         0  stm32f4xx_hal_pcd.o ABSOLUTE
    ..\\..\\..\\..\\Drivers\\STM32F4xx_HAL_Driver\\Src\\stm32f4xx_hal_pwr.c 0x00000000   Number         0  stm32f4xx_hal_pwr.o ABSOLUTE
    ..\\..\\..\\..\\Drivers\\STM32F4xx_HAL_Driver\\Src\\stm32f4xx_hal_pwr_ex.c 0x00000000   Number         0  stm32f4xx_hal_pwr_ex.o ABSOLUTE
    ..\\..\\..\\..\\Drivers\\STM32F4xx_HAL_Driver\\Src\\stm32f4xx_hal_rcc.c 0x00000000   Number         0  stm32f4xx_hal_rcc.o ABSOLUTE
    ..\\..\\..\\..\\Drivers\\STM32F4xx_HAL_Driver\\Src\\stm32f4xx_hal_rcc_ex.c 0x00000000   Number         0  stm32f4xx_hal_rcc_ex.o ABSOLUTE
    ..\\..\\..\\..\\Drivers\\STM32F4xx_HAL_Driver\\Src\\stm32f4xx_hal_rng.c 0x00000000   Number         0  stm32f4xx_hal_rng.o ABSOLUTE
    ..\\..\\..\\..\\Drivers\\STM32F4xx_HAL_Driver\\Src\\stm32f4xx_hal_rtc.c 0x00000000   Number         0  stm32f4xx_hal_rtc.o ABSOLUTE
    ..\\..\\..\\..\\Drivers\\STM32F4xx_HAL_Driver\\Src\\stm32f4xx_hal_rtc_ex.c 0x00000000   Number         0  stm32f4xx_hal_rtc_ex.o ABSOLUTE
    ..\\..\\..\\..\\Drivers\\STM32F4xx_HAL_Driver\\Src\\stm32f4xx_hal_sd.c 0x00000000   Number         0  stm32f4xx_hal_sd.o ABSOLUTE
    ..\\..\\..\\..\\Drivers\\STM32F4xx_HAL_Driver\\Src\\stm32f4xx_hal_smartcard.c 0x00000000   Number         0  stm32f4xx_hal_smartcard.o ABSOLUTE
    ..\\..\\..\\..\\Drivers\\STM32F4xx_HAL_Driver\\Src\\stm32f4xx_hal_spi.c 0x00000000   Number         0  stm32f4xx_hal_spi.o ABSOLUTE
    ..\\..\\..\\..\\Drivers\\STM32F4xx_HAL_Driver\\Src\\stm32f4xx_hal_sram.c 0x00000000   Number         0  stm32f4xx_hal_sram.o ABSOLUTE
    ..\\..\\..\\..\\Drivers\\STM32F4xx_HAL_Driver\\Src\\stm32f4xx_hal_tim.c 0x00000000   Number         0  stm32f4xx_hal_tim.o ABSOLUTE
    ..\\..\\..\\..\\Drivers\\STM32F4xx_HAL_Driver\\Src\\stm32f4xx_hal_tim_ex.c 0x00000000   Number         0  stm32f4xx_hal_tim_ex.o ABSOLUTE
    ..\\..\\..\\..\\Drivers\\STM32F4xx_HAL_Driver\\Src\\stm32f4xx_hal_uart.c 0x00000000   Number         0  stm32f4xx_hal_uart.o ABSOLUTE
    ..\\..\\..\\..\\Drivers\\STM32F4xx_HAL_Driver\\Src\\stm32f4xx_hal_usart.c 0x00000000   Number         0  stm32f4xx_hal_usart.o ABSOLUTE
    ..\\..\\..\\..\\Drivers\\STM32F4xx_HAL_Driver\\Src\\stm32f4xx_hal_wwdg.c 0x00000000   Number         0  stm32f4xx_hal_wwdg.o ABSOLUTE
    ..\\..\\..\\..\\Drivers\\STM32F4xx_HAL_Driver\\Src\\stm32f4xx_ll_fmc.c 0x00000000   Number         0  stm32f4xx_ll_fmc.o ABSOLUTE
    ..\\..\\..\\..\\Drivers\\STM32F4xx_HAL_Driver\\Src\\stm32f4xx_ll_fsmc.c 0x00000000   Number         0  stm32f4xx_ll_fsmc.o ABSOLUTE
    ..\\..\\..\\..\\Drivers\\STM32F4xx_HAL_Driver\\Src\\stm32f4xx_ll_sdmmc.c 0x00000000   Number         0  stm32f4xx_ll_sdmmc.o ABSOLUTE
    ..\\..\\..\\..\\Drivers\\STM32F4xx_HAL_Driver\\Src\\stm32f4xx_ll_usb.c 0x00000000   Number         0  stm32f4xx_ll_usb.o ABSOLUTE
    ..\\Src\\Custom_Button.c                 0x00000000   Number         0  custom_button.o ABSOLUTE
    ..\\Src\\Hw_config.c                     0x00000000   Number         0  hw_config.o ABSOLUTE
    ..\\Src\\Kalman_Filter\\kalman_filter.c  0x00000000   Number         0  kalman_filter.o ABSOLUTE
    ..\\Src\\MEMS_Calculate.c                0x00000000   Number         0  mems_calculate.o ABSOLUTE
    ..\\Src\\main.c                          0x00000000   Number         0  main.o ABSOLUTE
    ..\\Src\\stm32f4xx_LSM6DS3.c             0x00000000   Number         0  stm32f4xx_lsm6ds3.o ABSOLUTE
    ..\\Src\\stm32f4xx_hal_msp.c             0x00000000   Number         0  stm32f4xx_hal_msp.o ABSOLUTE
    ..\\Src\\stm32f4xx_it.c                  0x00000000   Number         0  stm32f4xx_it.o ABSOLUTE
    ..\\Src\\system_stm32f4xx.c              0x00000000   Number         0  system_stm32f4xx.o ABSOLUTE
    cdcmple.s                                0x00000000   Number         0  cdcmple.o ABSOLUTE
    cdrcmple.s                               0x00000000   Number         0  cdrcmple.o ABSOLUTE
    dc.s                                     0x00000000   Number         0  dc.o ABSOLUTE
    handlers.s                               0x00000000   Number         0  handlers.o ABSOLUTE
    init.s                                   0x00000000   Number         0  init.o ABSOLUTE
    startup_stm32f401xe.s                    0x00000000   Number         0  startup_stm32f401xe.o ABSOLUTE
    RESET                                    0x08000000   Section      404  startup_stm32f401xe.o(RESET)
    .ARM.Collect$$$$00000000                 0x08000194   Section        0  entry.o(.ARM.Collect$$$$00000000)
    .ARM.Collect$$$$00000001                 0x08000194   Section        4  entry2.o(.ARM.Collect$$$$00000001)
    .ARM.Collect$$$$00000004                 0x08000198   Section        4  entry5.o(.ARM.Collect$$$$00000004)
    .ARM.Collect$$$$00000008                 0x0800019c   Section        0  entry7b.o(.ARM.Collect$$$$00000008)
    .ARM.Collect$$$$0000000A                 0x0800019c   Section        0  entry8b.o(.ARM.Collect$$$$0000000A)
    .ARM.Collect$$$$0000000B                 0x0800019c   Section        8  entry9a.o(.ARM.Collect$$$$0000000B)
    .ARM.Collect$$$$0000000D                 0x080001a4   Section        0  entry10a.o(.ARM.Collect$$$$0000000D)
    .ARM.Collect$$$$0000000F                 0x080001a4   Section        0  entry11a.o(.ARM.Collect$$$$0000000F)
    .ARM.Collect$$$$00002712                 0x080001a4   Section        4  entry2.o(.ARM.Collect$$$$00002712)
    __lit__00000000                          0x080001a4   Data           4  entry2.o(.ARM.Collect$$$$00002712)
    .text                                    0x080001a8   Section       36  startup_stm32f401xe.o(.text)
    $v0                                      0x080001a8   Number         0  startup_stm32f401xe.o(.text)
    .text                                    0x080001cc   Section        0  uldiv.o(.text)
    .text                                    0x0800022e   Section        0  dmul.o(.text)
    .text                                    0x08000312   Section        0  f2d.o(.text)
    .text                                    0x08000338   Section       48  cdrcmple.o(.text)
    .text                                    0x08000368   Section        0  d2f.o(.text)
    .text                                    0x080003a0   Section        0  uidiv.o(.text)
    .text                                    0x080003cc   Section        0  llshl.o(.text)
    .text                                    0x080003ea   Section        0  llushr.o(.text)
    .text                                    0x0800040a   Section        0  fepilogue.o(.text)
    .text                                    0x0800040a   Section        0  iusefp.o(.text)
    .text                                    0x08000478   Section        0  depilogue.o(.text)
    .text                                    0x08000532   Section        0  dadd.o(.text)
    .text                                    0x08000680   Section        0  ddiv.o(.text)
    .text                                    0x0800075e   Section        0  dsqrt.o(.text)
    .text                                    0x08000800   Section        0  dfixul.o(.text)
    .text                                    0x08000830   Section       36  init.o(.text)
    .text                                    0x08000854   Section        0  llsshr.o(.text)
    i.Accelerator_filter                     0x08000878   Section        0  mems_calculate.o(i.Accelerator_filter)
    i.BusFault_Handler                       0x08000914   Section        0  stm32f4xx_it.o(i.BusFault_Handler)
    i.Custom_ButtonConfig                    0x08000918   Section        0  custom_button.o(i.Custom_ButtonConfig)
    i.DebugMon_Handler                       0x08000954   Section        0  stm32f4xx_it.o(i.DebugMon_Handler)
    i.GPIO_Config                            0x08000958   Section        0  hw_config.o(i.GPIO_Config)
    i.Gyroscope_filter                       0x08000990   Section        0  mems_calculate.o(i.Gyroscope_filter)
    i.HAL_DMA_Abort_IT                       0x08000a2c   Section        0  stm32f4xx_hal_dma.o(i.HAL_DMA_Abort_IT)
    i.HAL_GPIO_DeInit                        0x08000a50   Section        0  stm32f4xx_hal_gpio.o(i.HAL_GPIO_DeInit)
    i.HAL_GPIO_Init                          0x08000b60   Section        0  stm32f4xx_hal_gpio.o(i.HAL_GPIO_Init)
    i.HAL_GPIO_TogglePin                     0x08000ce8   Section        0  stm32f4xx_hal_gpio.o(i.HAL_GPIO_TogglePin)
    i.HAL_GetTick                            0x08000cf0   Section        0  stm32f4xx_hal.o(i.HAL_GetTick)
    i.HAL_I2C_AbortCpltCallback              0x08000cfc   Section        0  stm32f4xx_hal_i2c.o(i.HAL_I2C_AbortCpltCallback)
    i.HAL_I2C_AddrCallback                   0x08000cfe   Section        0  stm32f4xx_hal_i2c.o(i.HAL_I2C_AddrCallback)
    i.HAL_I2C_DeInit                         0x08000d00   Section        0  stm32f4xx_hal_i2c.o(i.HAL_I2C_DeInit)
    i.HAL_I2C_ER_IRQHandler                  0x08000d34   Section        0  stm32f4xx_hal_i2c.o(i.HAL_I2C_ER_IRQHandler)
    i.HAL_I2C_EV_IRQHandler                  0x08000df8   Section        0  stm32f4xx_hal_i2c.o(i.HAL_I2C_EV_IRQHandler)
    i.HAL_I2C_ErrorCallback                  0x08000fe8   Section        0  stm32f4xx_lsm6ds3.o(i.HAL_I2C_ErrorCallback)
    i.HAL_I2C_GetState                       0x08000ffc   Section        0  stm32f4xx_hal_i2c.o(i.HAL_I2C_GetState)
    i.HAL_I2C_Init                           0x08001004   Section        0  stm32f4xx_hal_i2c.o(i.HAL_I2C_Init)
    i.HAL_I2C_ListenCpltCallback             0x0800110c   Section        0  stm32f4xx_hal_i2c.o(i.HAL_I2C_ListenCpltCallback)
    i.HAL_I2C_MasterRxCpltCallback           0x08001110   Section        0  stm32f4xx_lsm6ds3.o(i.HAL_I2C_MasterRxCpltCallback)
    i.HAL_I2C_MasterTxCpltCallback           0x08001124   Section        0  stm32f4xx_lsm6ds3.o(i.HAL_I2C_MasterTxCpltCallback)
    i.HAL_I2C_MemRxCpltCallback              0x08001138   Section        0  stm32f4xx_lsm6ds3.o(i.HAL_I2C_MemRxCpltCallback)
    i.HAL_I2C_MemTxCpltCallback              0x0800114c   Section        0  stm32f4xx_lsm6ds3.o(i.HAL_I2C_MemTxCpltCallback)
    i.HAL_I2C_Mem_Read                       0x08001160   Section        0  stm32f4xx_hal_i2c.o(i.HAL_I2C_Mem_Read)
    i.HAL_I2C_Mem_Write                      0x0800135c   Section        0  stm32f4xx_hal_i2c.o(i.HAL_I2C_Mem_Write)
    i.HAL_I2C_MspDeInit                      0x08001498   Section        0  stm32f4xx_hal_msp.o(i.HAL_I2C_MspDeInit)
    i.HAL_I2C_MspInit                        0x080014d8   Section        0  stm32f4xx_hal_msp.o(i.HAL_I2C_MspInit)
    i.HAL_I2C_SlaveRxCpltCallback            0x08001580   Section        0  stm32f4xx_hal_i2c.o(i.HAL_I2C_SlaveRxCpltCallback)
    i.HAL_I2C_SlaveTxCpltCallback            0x08001582   Section        0  stm32f4xx_hal_i2c.o(i.HAL_I2C_SlaveTxCpltCallback)
    i.HAL_IncTick                            0x08001584   Section        0  stm32f4xx_hal.o(i.HAL_IncTick)
    i.HAL_Init                               0x08001594   Section        0  stm32f4xx_hal.o(i.HAL_Init)
    i.HAL_InitTick                           0x080015c8   Section        0  stm32f4xx_hal.o(i.HAL_InitTick)
    i.HAL_MspInit                            0x080015f0   Section        0  stm32f4xx_hal_msp.o(i.HAL_MspInit)
    i.HAL_NVIC_DisableIRQ                    0x080015f2   Section        0  stm32f4xx_hal_cortex.o(i.HAL_NVIC_DisableIRQ)
    i.HAL_NVIC_EnableIRQ                     0x08001614   Section        0  stm32f4xx_hal_cortex.o(i.HAL_NVIC_EnableIRQ)
    i.HAL_NVIC_SetPriority                   0x08001630   Section        0  stm32f4xx_hal_cortex.o(i.HAL_NVIC_SetPriority)
    i.HAL_NVIC_SetPriorityGrouping           0x08001670   Section        0  stm32f4xx_hal_cortex.o(i.HAL_NVIC_SetPriorityGrouping)
    i.HAL_RCC_ClockConfig                    0x08001694   Section        0  stm32f4xx_hal_rcc.o(i.HAL_RCC_ClockConfig)
    i.HAL_RCC_GetHCLKFreq                    0x080017c4   Section        0  stm32f4xx_hal_rcc.o(i.HAL_RCC_GetHCLKFreq)
    i.HAL_RCC_GetPCLK1Freq                   0x080017d0   Section        0  stm32f4xx_hal_rcc.o(i.HAL_RCC_GetPCLK1Freq)
    i.HAL_RCC_GetPCLK2Freq                   0x080017f0   Section        0  stm32f4xx_hal_rcc.o(i.HAL_RCC_GetPCLK2Freq)
    i.HAL_RCC_GetSysClockFreq                0x08001810   Section        0  stm32f4xx_hal_rcc.o(i.HAL_RCC_GetSysClockFreq)
    i.HAL_RCC_OscConfig                      0x08001870   Section        0  stm32f4xx_hal_rcc.o(i.HAL_RCC_OscConfig)
    i.HAL_SYSTICK_Config                     0x08001b60   Section        0  stm32f4xx_hal_cortex.o(i.HAL_SYSTICK_Config)
    i.HAL_TIMEx_BreakCallback                0x08001b88   Section        0  stm32f4xx_hal_tim_ex.o(i.HAL_TIMEx_BreakCallback)
    i.HAL_TIMEx_CommutationCallback          0x08001b8a   Section        0  stm32f4xx_hal_tim_ex.o(i.HAL_TIMEx_CommutationCallback)
    i.HAL_TIM_Base_Init                      0x08001b8c   Section        0  stm32f4xx_hal_tim.o(i.HAL_TIM_Base_Init)
    i.HAL_TIM_Base_MspInit                   0x08001bc4   Section        0  stm32f4xx_hal_msp.o(i.HAL_TIM_Base_MspInit)
    i.HAL_TIM_Base_Start_IT                  0x08001bf0   Section        0  stm32f4xx_hal_tim.o(i.HAL_TIM_Base_Start_IT)
    i.HAL_TIM_IC_CaptureCallback             0x08001c08   Section        0  stm32f4xx_hal_tim.o(i.HAL_TIM_IC_CaptureCallback)
    i.HAL_TIM_IRQHandler                     0x08001c0a   Section        0  stm32f4xx_hal_tim.o(i.HAL_TIM_IRQHandler)
    i.HAL_TIM_OC_DelayElapsedCallback        0x08001d70   Section        0  stm32f4xx_hal_tim.o(i.HAL_TIM_OC_DelayElapsedCallback)
    i.HAL_TIM_PWM_PulseFinishedCallback      0x08001d72   Section        0  stm32f4xx_hal_tim.o(i.HAL_TIM_PWM_PulseFinishedCallback)
    i.HAL_TIM_PeriodElapsedCallback          0x08001d74   Section        0  hw_config.o(i.HAL_TIM_PeriodElapsedCallback)
    i.HAL_TIM_TriggerCallback                0x08001dd4   Section        0  stm32f4xx_hal_tim.o(i.HAL_TIM_TriggerCallback)
    i.HAL_UART_Init                          0x08001dd6   Section        0  stm32f4xx_hal_uart.o(i.HAL_UART_Init)
    i.HAL_UART_MspInit                       0x08001e38   Section        0  stm32f4xx_hal_msp.o(i.HAL_UART_MspInit)
    i.HAL_UART_Transmit                      0x08001ea8   Section        0  stm32f4xx_hal_uart.o(i.HAL_UART_Transmit)
    i.HardFault_Handler                      0x08001f62   Section        0  stm32f4xx_it.o(i.HardFault_Handler)
    i.I2C1_ER_IRQHandler                     0x08001f64   Section        0  stm32f4xx_it.o(i.I2C1_ER_IRQHandler)
    i.I2C1_EV_IRQHandler                     0x08001f70   Section        0  stm32f4xx_it.o(i.I2C1_EV_IRQHandler)
    i.I2C_DMAAbort                           0x08001f7c   Section        0  stm32f4xx_hal_i2c.o(i.I2C_DMAAbort)
    I2C_DMAAbort                             0x08001f7d   Thumb Code    78  stm32f4xx_hal_i2c.o(i.I2C_DMAAbort)
    i.I2C_ITError                            0x08001fcc   Section        0  stm32f4xx_hal_i2c.o(i.I2C_ITError)
    I2C_ITError                              0x08001fcd   Thumb Code   284  stm32f4xx_hal_i2c.o(i.I2C_ITError)
    i.I2C_IsAcknowledgeFailed                0x080020f0   Section        0  stm32f4xx_hal_i2c.o(i.I2C_IsAcknowledgeFailed)
    I2C_IsAcknowledgeFailed                  0x080020f1   Thumb Code    40  stm32f4xx_hal_i2c.o(i.I2C_IsAcknowledgeFailed)
    i.I2C_MasterReceive_BTF                  0x08002118   Section        0  stm32f4xx_hal_i2c.o(i.I2C_MasterReceive_BTF)
    I2C_MasterReceive_BTF                    0x08002119   Thumb Code   190  stm32f4xx_hal_i2c.o(i.I2C_MasterReceive_BTF)
    i.I2C_MasterReceive_RXNE                 0x080021d6   Section        0  stm32f4xx_hal_i2c.o(i.I2C_MasterReceive_RXNE)
    I2C_MasterReceive_RXNE                   0x080021d7   Thumb Code   132  stm32f4xx_hal_i2c.o(i.I2C_MasterReceive_RXNE)
    i.I2C_MasterTransmit_BTF                 0x0800225a   Section        0  stm32f4xx_hal_i2c.o(i.I2C_MasterTransmit_BTF)
    I2C_MasterTransmit_BTF                   0x0800225b   Thumb Code   128  stm32f4xx_hal_i2c.o(i.I2C_MasterTransmit_BTF)
    i.I2C_MasterTransmit_TXE                 0x080022dc   Section        0  stm32f4xx_hal_i2c.o(i.I2C_MasterTransmit_TXE)
    I2C_MasterTransmit_TXE                   0x080022dd   Thumb Code   264  stm32f4xx_hal_i2c.o(i.I2C_MasterTransmit_TXE)
    i.I2C_Master_ADDR                        0x080023e4   Section        0  stm32f4xx_hal_i2c.o(i.I2C_Master_ADDR)
    I2C_Master_ADDR                          0x080023e5   Thumb Code   244  stm32f4xx_hal_i2c.o(i.I2C_Master_ADDR)
    i.I2C_Master_SB                          0x080024d8   Section        0  stm32f4xx_hal_i2c.o(i.I2C_Master_SB)
    I2C_Master_SB                            0x080024d9   Thumb Code    90  stm32f4xx_hal_i2c.o(i.I2C_Master_SB)
    i.I2C_RequestMemoryRead                  0x08002532   Section        0  stm32f4xx_hal_i2c.o(i.I2C_RequestMemoryRead)
    I2C_RequestMemoryRead                    0x08002533   Thumb Code   240  stm32f4xx_hal_i2c.o(i.I2C_RequestMemoryRead)
    i.I2C_RequestMemoryWrite                 0x08002624   Section        0  stm32f4xx_hal_i2c.o(i.I2C_RequestMemoryWrite)
    I2C_RequestMemoryWrite                   0x08002625   Thumb Code   156  stm32f4xx_hal_i2c.o(i.I2C_RequestMemoryWrite)
    i.I2C_Slave_AF                           0x080026c4   Section        0  stm32f4xx_hal_i2c.o(i.I2C_Slave_AF)
    I2C_Slave_AF                             0x080026c5   Thumb Code   128  stm32f4xx_hal_i2c.o(i.I2C_Slave_AF)
    i.I2C_Slave_STOPF                        0x08002748   Section        0  stm32f4xx_hal_i2c.o(i.I2C_Slave_STOPF)
    I2C_Slave_STOPF                          0x08002749   Thumb Code   214  stm32f4xx_hal_i2c.o(i.I2C_Slave_STOPF)
    i.I2C_WaitOnBTFFlagUntilTimeout          0x08002824   Section        0  stm32f4xx_hal_i2c.o(i.I2C_WaitOnBTFFlagUntilTimeout)
    I2C_WaitOnBTFFlagUntilTimeout            0x08002825   Thumb Code    78  stm32f4xx_hal_i2c.o(i.I2C_WaitOnBTFFlagUntilTimeout)
    i.I2C_WaitOnFlagUntilTimeout             0x08002872   Section        0  stm32f4xx_hal_i2c.o(i.I2C_WaitOnFlagUntilTimeout)
    I2C_WaitOnFlagUntilTimeout               0x08002873   Thumb Code    96  stm32f4xx_hal_i2c.o(i.I2C_WaitOnFlagUntilTimeout)
    i.I2C_WaitOnMasterAddressFlagUntilTimeout 0x080028d4   Section        0  stm32f4xx_hal_i2c.o(i.I2C_WaitOnMasterAddressFlagUntilTimeout)
    I2C_WaitOnMasterAddressFlagUntilTimeout  0x080028d5   Thumb Code   136  stm32f4xx_hal_i2c.o(i.I2C_WaitOnMasterAddressFlagUntilTimeout)
    i.I2C_WaitOnRXNEFlagUntilTimeout         0x0800295c   Section        0  stm32f4xx_hal_i2c.o(i.I2C_WaitOnRXNEFlagUntilTimeout)
    I2C_WaitOnRXNEFlagUntilTimeout           0x0800295d   Thumb Code    98  stm32f4xx_hal_i2c.o(i.I2C_WaitOnRXNEFlagUntilTimeout)
    i.I2C_WaitOnTXEFlagUntilTimeout          0x080029be   Section        0  stm32f4xx_hal_i2c.o(i.I2C_WaitOnTXEFlagUntilTimeout)
    I2C_WaitOnTXEFlagUntilTimeout            0x080029bf   Thumb Code    78  stm32f4xx_hal_i2c.o(i.I2C_WaitOnTXEFlagUntilTimeout)
    i.MemManage_Handler                      0x08002a0c   Section        0  stm32f4xx_it.o(i.MemManage_Handler)
    i.NMI_Handler                            0x08002a0e   Section        0  stm32f4xx_it.o(i.NMI_Handler)
    i.PendSV_Handler                         0x08002a10   Section        0  stm32f4xx_it.o(i.PendSV_Handler)
    i.PollingProcedure                       0x08002a14   Section        0  hw_config.o(i.PollingProcedure)
    i.SVC_Handler                            0x08002ae0   Section        0  stm32f4xx_it.o(i.SVC_Handler)
    i.SysTick_Handler                        0x08002ae2   Section        0  stm32f4xx_it.o(i.SysTick_Handler)
    i.SystemClock_Config                     0x08002ae8   Section        0  main.o(i.SystemClock_Config)
    SystemClock_Config                       0x08002ae9   Thumb Code   122  main.o(i.SystemClock_Config)
    i.SystemInit                             0x08002b6c   Section        0  system_stm32f4xx.o(i.SystemInit)
    i.TIM1_TRG_COM_TIM11_IRQHandler          0x08002bc0   Section        0  stm32f4xx_it.o(i.TIM1_TRG_COM_TIM11_IRQHandler)
    i.TIM_Base_SetConfig                     0x08002bcc   Section        0  stm32f4xx_hal_tim.o(i.TIM_Base_SetConfig)
    i.TIM_Config                             0x08002c5c   Section        0  hw_config.o(i.TIM_Config)
    i.Tilt_Angle_Calculate                   0x08002c94   Section        0  mems_calculate.o(i.Tilt_Angle_Calculate)
    i.UART_SetConfig                         0x08002d98   Section        0  stm32f4xx_hal_uart.o(i.UART_SetConfig)
    UART_SetConfig                           0x08002d99   Thumb Code   676  stm32f4xx_hal_uart.o(i.UART_SetConfig)
    i.UART_WaitOnFlagUntilTimeout            0x08003044   Section        0  stm32f4xx_hal_uart.o(i.UART_WaitOnFlagUntilTimeout)
    UART_WaitOnFlagUntilTimeout              0x08003045   Thumb Code   100  stm32f4xx_hal_uart.o(i.UART_WaitOnFlagUntilTimeout)
    i.USART_Config                           0x080030a8   Section        0  hw_config.o(i.USART_Config)
    i.UsageFault_Handler                     0x08003188   Section        0  stm32f4xx_it.o(i.UsageFault_Handler)
    i.__0printf                              0x0800318c   Section        0  printfa.o(i.__0printf)
    i.__ARM_fpclassify                       0x080031ac   Section        0  fpclassify.o(i.__ARM_fpclassify)
    i.__NVIC_SetPriority                     0x080031dc   Section        0  stm32f4xx_hal_cortex.o(i.__NVIC_SetPriority)
    __NVIC_SetPriority                       0x080031dd   Thumb Code    32  stm32f4xx_hal_cortex.o(i.__NVIC_SetPriority)
    i.__hardfp_atan                          0x08003200   Section        0  atan.o(i.__hardfp_atan)
    i.__hardfp_sqrt                          0x080034d8   Section        0  sqrt.o(i.__hardfp_sqrt)
    i.__kernel_poly                          0x08003552   Section        0  poly.o(i.__kernel_poly)
    i.__mathlib_dbl_infnan                   0x0800364a   Section        0  dunder.o(i.__mathlib_dbl_infnan)
    i.__mathlib_dbl_underflow                0x08003660   Section        0  dunder.o(i.__mathlib_dbl_underflow)
    i.__scatterload_copy                     0x08003680   Section       14  handlers.o(i.__scatterload_copy)
    i.__scatterload_null                     0x0800368e   Section        2  handlers.o(i.__scatterload_null)
    i.__scatterload_zeroinit                 0x08003690   Section       14  handlers.o(i.__scatterload_zeroinit)
    i.__set_errno                            0x080036a0   Section        0  errno.o(i.__set_errno)
    i._fp_digits                             0x080036ac   Section        0  printfa.o(i._fp_digits)
    _fp_digits                               0x080036ad   Thumb Code   366  printfa.o(i._fp_digits)
    i._printf_core                           0x08003830   Section        0  printfa.o(i._printf_core)
    _printf_core                             0x08003831   Thumb Code  1744  printfa.o(i._printf_core)
    i._printf_post_padding                   0x08003f0c   Section        0  printfa.o(i._printf_post_padding)
    _printf_post_padding                     0x08003f0d   Thumb Code    36  printfa.o(i._printf_post_padding)
    i._printf_pre_padding                    0x08003f30   Section        0  printfa.o(i._printf_pre_padding)
    _printf_pre_padding                      0x08003f31   Thumb Code    46  printfa.o(i._printf_pre_padding)
    i.appLSM6DS3_CommonInit                  0x08003f5e   Section        0  stm32f4xx_lsm6ds3.o(i.appLSM6DS3_CommonInit)
    i.appLSM6DS3_GetAcc                      0x08003fac   Section        0  stm32f4xx_lsm6ds3.o(i.appLSM6DS3_GetAcc)
    i.appLSM6DS3_GetAccData                  0x080040f0   Section        0  stm32f4xx_lsm6ds3.o(i.appLSM6DS3_GetAccData)
    i.appLSM6DS3_GetGyro                     0x0800411c   Section        0  stm32f4xx_lsm6ds3.o(i.appLSM6DS3_GetGyro)
    i.appLSM6DS3_GetGyroData                 0x08004280   Section        0  stm32f4xx_lsm6ds3.o(i.appLSM6DS3_GetGyroData)
    i.appLSM6DS3_I2C_DeInit                  0x080042ac   Section        0  stm32f4xx_lsm6ds3.o(i.appLSM6DS3_I2C_DeInit)
    i.appLSM6DS3_I2C_Init                    0x080042c0   Section        0  stm32f4xx_lsm6ds3.o(i.appLSM6DS3_I2C_Init)
    i.appLSM6DS3_Read                        0x08004304   Section        0  stm32f4xx_lsm6ds3.o(i.appLSM6DS3_Read)
    i.appLSM6DS3_SelfTest                    0x08004330   Section        0  stm32f4xx_lsm6ds3.o(i.appLSM6DS3_SelfTest)
    i.appLSM6DS3_SetACC                      0x0800433e   Section        0  stm32f4xx_lsm6ds3.o(i.appLSM6DS3_SetACC)
    i.appLSM6DS3_SetAccData                  0x08004390   Section        0  stm32f4xx_lsm6ds3.o(i.appLSM6DS3_SetAccData)
    i.appLSM6DS3_SetGyro                     0x080043ac   Section        0  stm32f4xx_lsm6ds3.o(i.appLSM6DS3_SetGyro)
    i.appLSM6DS3_SetGyroData                 0x08004408   Section        0  stm32f4xx_lsm6ds3.o(i.appLSM6DS3_SetGyroData)
    i.appLSM6DS3_Setup                       0x08004424   Section        0  stm32f4xx_lsm6ds3.o(i.appLSM6DS3_Setup)
    i.appLSM6DS3_Write                       0x08004438   Section        0  stm32f4xx_lsm6ds3.o(i.appLSM6DS3_Write)
    i.fabs                                   0x08004464   Section        0  fabs.o(i.fabs)
    i.fputc                                  0x0800447c   Section        0  hw_config.o(i.fputc)
    i.kalman_filter                          0x08004494   Section        0  kalman_filter.o(i.kalman_filter)
    i.main                                   0x08004580   Section        0  main.o(i.main)
    .constdata                               0x080045c8   Section       30  hw_config.o(.constdata)
    __FUNCTION__                             0x080045c8   Data          30  hw_config.o(.constdata)
    .constdata                               0x080045e6   Section      132  stm32f4xx_lsm6ds3.o(.constdata)
    __FUNCTION__                             0x080045e6   Data          29  stm32f4xx_lsm6ds3.o(.constdata)
    __FUNCTION__                             0x08004603   Data          29  stm32f4xx_lsm6ds3.o(.constdata)
    __FUNCTION__                             0x08004620   Data          26  stm32f4xx_lsm6ds3.o(.constdata)
    __FUNCTION__                             0x0800463a   Data          26  stm32f4xx_lsm6ds3.o(.constdata)
    __FUNCTION__                             0x08004654   Data          22  stm32f4xx_lsm6ds3.o(.constdata)
    .constdata                               0x0800466a   Section       16  system_stm32f4xx.o(.constdata)
    .constdata                               0x0800467a   Section        8  system_stm32f4xx.o(.constdata)
    .constdata                               0x08004688   Section      152  atan.o(.constdata)
    atanhi                                   0x08004688   Data          32  atan.o(.constdata)
    atanlo                                   0x080046a8   Data          32  atan.o(.constdata)
    aTodd                                    0x080046c8   Data          40  atan.o(.constdata)
    aTeven                                   0x080046f0   Data          48  atan.o(.constdata)
    .conststring                             0x08004720   Section       76  hw_config.o(.conststring)
    .data                                    0x20000000   Section        4  stm32f4xx_hal.o(.data)
    .data                                    0x20000004   Section       16  hw_config.o(.data)
    TimerCounter_1000ms                      0x20000006   Data           2  hw_config.o(.data)
    TimerCounter_5000ms                      0x20000008   Data           2  hw_config.o(.data)
    tmp                                      0x20000010   Data           4  hw_config.o(.data)
    .data                                    0x20000014   Section       36  mems_calculate.o(.data)
    angle_dot                                0x2000002c   Data           4  mems_calculate.o(.data)
    f_angle                                  0x20000030   Data           4  mems_calculate.o(.data)
    f_angle_dot                              0x20000034   Data           4  mems_calculate.o(.data)
    .data                                    0x20000038   Section       28  stm32f4xx_lsm6ds3.o(.data)
    cLSM6DS3_ACCx                            0x20000038   Data           2  stm32f4xx_lsm6ds3.o(.data)
    cLSM6DS3_ACCy                            0x2000003a   Data           2  stm32f4xx_lsm6ds3.o(.data)
    cLSM6DS3_ACCz                            0x2000003c   Data           2  stm32f4xx_lsm6ds3.o(.data)
    cLSM6DS3_GYROx                           0x2000003e   Data           2  stm32f4xx_lsm6ds3.o(.data)
    cLSM6DS3_GYROy                           0x20000040   Data           2  stm32f4xx_lsm6ds3.o(.data)
    cLSM6DS3_GYROz                           0x20000042   Data           2  stm32f4xx_lsm6ds3.o(.data)
    LSM6DS3_ACCx                             0x20000044   Data           2  stm32f4xx_lsm6ds3.o(.data)
    LSM6DS3_ACCy                             0x20000046   Data           2  stm32f4xx_lsm6ds3.o(.data)
    LSM6DS3_ACCz                             0x20000048   Data           2  stm32f4xx_lsm6ds3.o(.data)
    LSM6DS3_GYROx                            0x2000004a   Data           2  stm32f4xx_lsm6ds3.o(.data)
    LSM6DS3_GYROy                            0x2000004c   Data           2  stm32f4xx_lsm6ds3.o(.data)
    LSM6DS3_GYROz                            0x2000004e   Data           2  stm32f4xx_lsm6ds3.o(.data)
    .data                                    0x20000054   Section        4  system_stm32f4xx.o(.data)
    .data                                    0x20000058   Section       60  kalman_filter.o(.data)
    angle                                    0x20000058   Data           4  kalman_filter.o(.data)
    angle_dot                                0x2000005c   Data           4  kalman_filter.o(.data)
    q_bias                                   0x20000060   Data           4  kalman_filter.o(.data)
    angle_err                                0x20000064   Data           4  kalman_filter.o(.data)
    PCt_0                                    0x20000068   Data           4  kalman_filter.o(.data)
    PCt_1                                    0x2000006c   Data           4  kalman_filter.o(.data)
    E                                        0x20000070   Data           4  kalman_filter.o(.data)
    K_0                                      0x20000074   Data           4  kalman_filter.o(.data)
    K_1                                      0x20000078   Data           4  kalman_filter.o(.data)
    t_0                                      0x2000007c   Data           4  kalman_filter.o(.data)
    t_1                                      0x20000080   Data           4  kalman_filter.o(.data)
    P                                        0x20000084   Data          16  kalman_filter.o(.data)
    .data                                    0x20000094   Section        4  stdout.o(.data)
    .data                                    0x20000098   Section        4  errno.o(.data)
    _errno                                   0x20000098   Data           4  errno.o(.data)
    .bss                                     0x2000009c   Section      124  hw_config.o(.bss)
    .bss                                     0x20000118   Section      192  mems_calculate.o(.bss)
    .bss                                     0x200001d8   Section       84  stm32f4xx_lsm6ds3.o(.bss)
    .bss                                     0x2000022c   Section       16  kalman_filter.o(.bss)
    Pdot                                     0x2000022c   Data          16  kalman_filter.o(.bss)
    STACK                                    0x20000240   Section     1024  startup_stm32f401xe.o(STACK)

    Global Symbols

    Symbol Name                              Value     Ov Type        Size  Object(Section)

    BuildAttributes$$THM_ISAv4$E$P$D$K$B$S$7EM$VFPi3$EXTD16$VFPS$VFMA$PE$A:L22UL41UL21$X:L11$S22US41US21$IEEE1$IW$USESV6$~STKCKD$USESV7$~SHL$OTIME$ROPI$IEEEX$EBA8$MICROLIB$REQ8$PRES8$EABIv2 0x00000000   Number         0  anon$$obj.o ABSOLUTE
    __ARM_use_no_argv                        0x00000000   Number         0  main.o ABSOLUTE
    _printf_a                                0x00000000   Number         0  stubs.o ABSOLUTE
    _printf_c                                0x00000000   Number         0  stubs.o ABSOLUTE
    _printf_charcount                        0x00000000   Number         0  stubs.o ABSOLUTE
    _printf_d                                0x00000000   Number         0  stubs.o ABSOLUTE
    _printf_e                                0x00000000   Number         0  stubs.o ABSOLUTE
    _printf_f                                0x00000000   Number         0  stubs.o ABSOLUTE
    _printf_flags                            0x00000000   Number         0  stubs.o ABSOLUTE
    _printf_fp_dec                           0x00000000   Number         0  stubs.o ABSOLUTE
    _printf_fp_hex                           0x00000000   Number         0  stubs.o ABSOLUTE
    _printf_g                                0x00000000   Number         0  stubs.o ABSOLUTE
    _printf_i                                0x00000000   Number         0  stubs.o ABSOLUTE
    _printf_int_dec                          0x00000000   Number         0  stubs.o ABSOLUTE
    _printf_l                                0x00000000   Number         0  stubs.o ABSOLUTE
    _printf_lc                               0x00000000   Number         0  stubs.o ABSOLUTE
    _printf_ll                               0x00000000   Number         0  stubs.o ABSOLUTE
    _printf_lld                              0x00000000   Number         0  stubs.o ABSOLUTE
    _printf_lli                              0x00000000   Number         0  stubs.o ABSOLUTE
    _printf_llo                              0x00000000   Number         0  stubs.o ABSOLUTE
    _printf_llu                              0x00000000   Number         0  stubs.o ABSOLUTE
    _printf_llx                              0x00000000   Number         0  stubs.o ABSOLUTE
    _printf_longlong_dec                     0x00000000   Number         0  stubs.o ABSOLUTE
    _printf_longlong_hex                     0x00000000   Number         0  stubs.o ABSOLUTE
    _printf_longlong_oct                     0x00000000   Number         0  stubs.o ABSOLUTE
    _printf_ls                               0x00000000   Number         0  stubs.o ABSOLUTE
    _printf_mbtowc                           0x00000000   Number         0  stubs.o ABSOLUTE
    _printf_n                                0x00000000   Number         0  stubs.o ABSOLUTE
    _printf_o                                0x00000000   Number         0  stubs.o ABSOLUTE
    _printf_p                                0x00000000   Number         0  stubs.o ABSOLUTE
    _printf_percent                          0x00000000   Number         0  stubs.o ABSOLUTE
    _printf_pre_padding                      0x00000000   Number         0  stubs.o ABSOLUTE
    _printf_return_value                     0x00000000   Number         0  stubs.o ABSOLUTE
    _printf_s                                0x00000000   Number         0  stubs.o ABSOLUTE
    _printf_sizespec                         0x00000000   Number         0  stubs.o ABSOLUTE
    _printf_str                              0x00000000   Number         0  stubs.o ABSOLUTE
    _printf_truncate_signed                  0x00000000   Number         0  stubs.o ABSOLUTE
    _printf_truncate_unsigned                0x00000000   Number         0  stubs.o ABSOLUTE
    _printf_u                                0x00000000   Number         0  stubs.o ABSOLUTE
    _printf_wc                               0x00000000   Number         0  stubs.o ABSOLUTE
    _printf_wctomb                           0x00000000   Number         0  stubs.o ABSOLUTE
    _printf_widthprec                        0x00000000   Number         0  stubs.o ABSOLUTE
    _printf_x                                0x00000000   Number         0  stubs.o ABSOLUTE
    __cpp_initialize__aeabi_                  - Undefined Weak Reference
    __cxa_finalize                            - Undefined Weak Reference
    __decompress                              - Undefined Weak Reference
    _clock_init                               - Undefined Weak Reference
    _microlib_exit                            - Undefined Weak Reference
    __Vectors_Size                           0x00000194   Number         0  startup_stm32f401xe.o ABSOLUTE
    __Vectors                                0x08000000   Data           4  startup_stm32f401xe.o(RESET)
    __Vectors_End                            0x08000194   Data           0  startup_stm32f401xe.o(RESET)
    __main                                   0x08000195   Thumb Code     0  entry.o(.ARM.Collect$$$$00000000)
    _main_stk                                0x08000195   Thumb Code     0  entry2.o(.ARM.Collect$$$$00000001)
    _main_scatterload                        0x08000199   Thumb Code     0  entry5.o(.ARM.Collect$$$$00000004)
    __main_after_scatterload                 0x0800019d   Thumb Code     0  entry5.o(.ARM.Collect$$$$00000004)
    _main_clock                              0x0800019d   Thumb Code     0  entry7b.o(.ARM.Collect$$$$00000008)
    _main_cpp_init                           0x0800019d   Thumb Code     0  entry8b.o(.ARM.Collect$$$$0000000A)
    _main_init                               0x0800019d   Thumb Code     0  entry9a.o(.ARM.Collect$$$$0000000B)
    __rt_final_cpp                           0x080001a5   Thumb Code     0  entry10a.o(.ARM.Collect$$$$0000000D)
    __rt_final_exit                          0x080001a5   Thumb Code     0  entry11a.o(.ARM.Collect$$$$0000000F)
    Reset_Handler                            0x080001a9   Thumb Code     8  startup_stm32f401xe.o(.text)
    ADC_IRQHandler                           0x080001c3   Thumb Code     0  startup_stm32f401xe.o(.text)
    DMA1_Stream0_IRQHandler                  0x080001c3   Thumb Code     0  startup_stm32f401xe.o(.text)
    DMA1_Stream1_IRQHandler                  0x080001c3   Thumb Code     0  startup_stm32f401xe.o(.text)
    DMA1_Stream2_IRQHandler                  0x080001c3   Thumb Code     0  startup_stm32f401xe.o(.text)
    DMA1_Stream3_IRQHandler                  0x080001c3   Thumb Code     0  startup_stm32f401xe.o(.text)
    DMA1_Stream4_IRQHandler                  0x080001c3   Thumb Code     0  startup_stm32f401xe.o(.text)
    DMA1_Stream5_IRQHandler                  0x080001c3   Thumb Code     0  startup_stm32f401xe.o(.text)
    DMA1_Stream6_IRQHandler                  0x080001c3   Thumb Code     0  startup_stm32f401xe.o(.text)
    DMA1_Stream7_IRQHandler                  0x080001c3   Thumb Code     0  startup_stm32f401xe.o(.text)
    DMA2_Stream0_IRQHandler                  0x080001c3   Thumb Code     0  startup_stm32f401xe.o(.text)
    DMA2_Stream1_IRQHandler                  0x080001c3   Thumb Code     0  startup_stm32f401xe.o(.text)
    DMA2_Stream2_IRQHandler                  0x080001c3   Thumb Code     0  startup_stm32f401xe.o(.text)
    DMA2_Stream3_IRQHandler                  0x080001c3   Thumb Code     0  startup_stm32f401xe.o(.text)
    DMA2_Stream4_IRQHandler                  0x080001c3   Thumb Code     0  startup_stm32f401xe.o(.text)
    DMA2_Stream5_IRQHandler                  0x080001c3   Thumb Code     0  startup_stm32f401xe.o(.text)
    DMA2_Stream6_IRQHandler                  0x080001c3   Thumb Code     0  startup_stm32f401xe.o(.text)
    DMA2_Stream7_IRQHandler                  0x080001c3   Thumb Code     0  startup_stm32f401xe.o(.text)
    EXTI0_IRQHandler                         0x080001c3   Thumb Code     0  startup_stm32f401xe.o(.text)
    EXTI15_10_IRQHandler                     0x080001c3   Thumb Code     0  startup_stm32f401xe.o(.text)
    EXTI1_IRQHandler                         0x080001c3   Thumb Code     0  startup_stm32f401xe.o(.text)
    EXTI2_IRQHandler                         0x080001c3   Thumb Code     0  startup_stm32f401xe.o(.text)
    EXTI3_IRQHandler                         0x080001c3   Thumb Code     0  startup_stm32f401xe.o(.text)
    EXTI4_IRQHandler                         0x080001c3   Thumb Code     0  startup_stm32f401xe.o(.text)
    EXTI9_5_IRQHandler                       0x080001c3   Thumb Code     0  startup_stm32f401xe.o(.text)
    FLASH_IRQHandler                         0x080001c3   Thumb Code     0  startup_stm32f401xe.o(.text)
    FPU_IRQHandler                           0x080001c3   Thumb Code     0  startup_stm32f401xe.o(.text)
    I2C2_ER_IRQHandler                       0x080001c3   Thumb Code     0  startup_stm32f401xe.o(.text)
    I2C2_EV_IRQHandler                       0x080001c3   Thumb Code     0  startup_stm32f401xe.o(.text)
    I2C3_ER_IRQHandler                       0x080001c3   Thumb Code     0  startup_stm32f401xe.o(.text)
    I2C3_EV_IRQHandler                       0x080001c3   Thumb Code     0  startup_stm32f401xe.o(.text)
    OTG_FS_IRQHandler                        0x080001c3   Thumb Code     0  startup_stm32f401xe.o(.text)
    OTG_FS_WKUP_IRQHandler                   0x080001c3   Thumb Code     0  startup_stm32f401xe.o(.text)
    PVD_IRQHandler                           0x080001c3   Thumb Code     0  startup_stm32f401xe.o(.text)
    RCC_IRQHandler                           0x080001c3   Thumb Code     0  startup_stm32f401xe.o(.text)
    RTC_Alarm_IRQHandler                     0x080001c3   Thumb Code     0  startup_stm32f401xe.o(.text)
    RTC_WKUP_IRQHandler                      0x080001c3   Thumb Code     0  startup_stm32f401xe.o(.text)
    SDIO_IRQHandler                          0x080001c3   Thumb Code     0  startup_stm32f401xe.o(.text)
    SPI1_IRQHandler                          0x080001c3   Thumb Code     0  startup_stm32f401xe.o(.text)
    SPI2_IRQHandler                          0x080001c3   Thumb Code     0  startup_stm32f401xe.o(.text)
    SPI3_IRQHandler                          0x080001c3   Thumb Code     0  startup_stm32f401xe.o(.text)
    SPI4_IRQHandler                          0x080001c3   Thumb Code     0  startup_stm32f401xe.o(.text)
    TAMP_STAMP_IRQHandler                    0x080001c3   Thumb Code     0  startup_stm32f401xe.o(.text)
    TIM1_BRK_TIM9_IRQHandler                 0x080001c3   Thumb Code     0  startup_stm32f401xe.o(.text)
    TIM1_CC_IRQHandler                       0x080001c3   Thumb Code     0  startup_stm32f401xe.o(.text)
    TIM1_UP_TIM10_IRQHandler                 0x080001c3   Thumb Code     0  startup_stm32f401xe.o(.text)
    TIM2_IRQHandler                          0x080001c3   Thumb Code     0  startup_stm32f401xe.o(.text)
    TIM3_IRQHandler                          0x080001c3   Thumb Code     0  startup_stm32f401xe.o(.text)
    TIM4_IRQHandler                          0x080001c3   Thumb Code     0  startup_stm32f401xe.o(.text)
    TIM5_IRQHandler                          0x080001c3   Thumb Code     0  startup_stm32f401xe.o(.text)
    USART1_IRQHandler                        0x080001c3   Thumb Code     0  startup_stm32f401xe.o(.text)
    USART2_IRQHandler                        0x080001c3   Thumb Code     0  startup_stm32f401xe.o(.text)
    USART6_IRQHandler                        0x080001c3   Thumb Code     0  startup_stm32f401xe.o(.text)
    WWDG_IRQHandler                          0x080001c3   Thumb Code     0  startup_stm32f401xe.o(.text)
    __aeabi_uldivmod                         0x080001cd   Thumb Code    98  uldiv.o(.text)
    __aeabi_dmul                             0x0800022f   Thumb Code   228  dmul.o(.text)
    __aeabi_f2d                              0x08000313   Thumb Code    38  f2d.o(.text)
    __aeabi_cdrcmple                         0x08000339   Thumb Code    48  cdrcmple.o(.text)
    __aeabi_d2f                              0x08000369   Thumb Code    56  d2f.o(.text)
    __aeabi_uidiv                            0x080003a1   Thumb Code     0  uidiv.o(.text)
    __aeabi_uidivmod                         0x080003a1   Thumb Code    44  uidiv.o(.text)
    __aeabi_llsl                             0x080003cd   Thumb Code    30  llshl.o(.text)
    _ll_shift_l                              0x080003cd   Thumb Code     0  llshl.o(.text)
    __aeabi_llsr                             0x080003eb   Thumb Code    32  llushr.o(.text)
    _ll_ushift_r                             0x080003eb   Thumb Code     0  llushr.o(.text)
    __I$use$fp                               0x0800040b   Thumb Code     0  iusefp.o(.text)
    _float_round                             0x0800040b   Thumb Code    18  fepilogue.o(.text)
    _float_epilogue                          0x0800041d   Thumb Code    92  fepilogue.o(.text)
    _double_round                            0x08000479   Thumb Code    30  depilogue.o(.text)
    _double_epilogue                         0x08000497   Thumb Code   156  depilogue.o(.text)
    __aeabi_dadd                             0x08000533   Thumb Code   322  dadd.o(.text)
    __aeabi_dsub                             0x08000675   Thumb Code     6  dadd.o(.text)
    __aeabi_drsub                            0x0800067b   Thumb Code     6  dadd.o(.text)
    __aeabi_ddiv                             0x08000681   Thumb Code   222  ddiv.o(.text)
    _dsqrt                                   0x0800075f   Thumb Code   162  dsqrt.o(.text)
    __aeabi_d2ulz                            0x08000801   Thumb Code    48  dfixul.o(.text)
    __scatterload                            0x08000831   Thumb Code    28  init.o(.text)
    __scatterload_rt2                        0x08000831   Thumb Code     0  init.o(.text)
    __aeabi_lasr                             0x08000855   Thumb Code    36  llsshr.o(.text)
    _ll_sshift_r                             0x08000855   Thumb Code     0  llsshr.o(.text)
    Accelerator_filter                       0x08000879   Thumb Code   148  mems_calculate.o(i.Accelerator_filter)
    BusFault_Handler                         0x08000915   Thumb Code     2  stm32f4xx_it.o(i.BusFault_Handler)
    Custom_ButtonConfig                      0x08000919   Thumb Code    52  custom_button.o(i.Custom_ButtonConfig)
    DebugMon_Handler                         0x08000955   Thumb Code     2  stm32f4xx_it.o(i.DebugMon_Handler)
    GPIO_Config                              0x08000959   Thumb Code    48  hw_config.o(i.GPIO_Config)
    Gyroscope_filter                         0x08000991   Thumb Code   148  mems_calculate.o(i.Gyroscope_filter)
    HAL_DMA_Abort_IT                         0x08000a2d   Thumb Code    36  stm32f4xx_hal_dma.o(i.HAL_DMA_Abort_IT)
    HAL_GPIO_DeInit                          0x08000a51   Thumb Code   244  stm32f4xx_hal_gpio.o(i.HAL_GPIO_DeInit)
    HAL_GPIO_Init                            0x08000b61   Thumb Code   358  stm32f4xx_hal_gpio.o(i.HAL_GPIO_Init)
    HAL_GPIO_TogglePin                       0x08000ce9   Thumb Code     8  stm32f4xx_hal_gpio.o(i.HAL_GPIO_TogglePin)
    HAL_GetTick                              0x08000cf1   Thumb Code     6  stm32f4xx_hal.o(i.HAL_GetTick)
    HAL_I2C_AbortCpltCallback                0x08000cfd   Thumb Code     2  stm32f4xx_hal_i2c.o(i.HAL_I2C_AbortCpltCallback)
    HAL_I2C_AddrCallback                     0x08000cff   Thumb Code     2  stm32f4xx_hal_i2c.o(i.HAL_I2C_AddrCallback)
    HAL_I2C_DeInit                           0x08000d01   Thumb Code    50  stm32f4xx_hal_i2c.o(i.HAL_I2C_DeInit)
    HAL_I2C_ER_IRQHandler                    0x08000d35   Thumb Code   192  stm32f4xx_hal_i2c.o(i.HAL_I2C_ER_IRQHandler)
    HAL_I2C_EV_IRQHandler                    0x08000df9   Thumb Code   486  stm32f4xx_hal_i2c.o(i.HAL_I2C_EV_IRQHandler)
    HAL_I2C_ErrorCallback                    0x08000fe9   Thumb Code     8  stm32f4xx_lsm6ds3.o(i.HAL_I2C_ErrorCallback)
    HAL_I2C_GetState                         0x08000ffd   Thumb Code     6  stm32f4xx_hal_i2c.o(i.HAL_I2C_GetState)
    HAL_I2C_Init                             0x08001005   Thumb Code   254  stm32f4xx_hal_i2c.o(i.HAL_I2C_Init)
    HAL_I2C_ListenCpltCallback               0x0800110d   Thumb Code     2  stm32f4xx_hal_i2c.o(i.HAL_I2C_ListenCpltCallback)
    HAL_I2C_MasterRxCpltCallback             0x08001111   Thumb Code     8  stm32f4xx_lsm6ds3.o(i.HAL_I2C_MasterRxCpltCallback)
    HAL_I2C_MasterTxCpltCallback             0x08001125   Thumb Code     8  stm32f4xx_lsm6ds3.o(i.HAL_I2C_MasterTxCpltCallback)
    HAL_I2C_MemRxCpltCallback                0x08001139   Thumb Code     8  stm32f4xx_lsm6ds3.o(i.HAL_I2C_MemRxCpltCallback)
    HAL_I2C_MemTxCpltCallback                0x0800114d   Thumb Code     8  stm32f4xx_lsm6ds3.o(i.HAL_I2C_MemTxCpltCallback)
    HAL_I2C_Mem_Read                         0x08001161   Thumb Code   496  stm32f4xx_hal_i2c.o(i.HAL_I2C_Mem_Read)
    HAL_I2C_Mem_Write                        0x0800135d   Thumb Code   306  stm32f4xx_hal_i2c.o(i.HAL_I2C_Mem_Write)
    HAL_I2C_MspDeInit                        0x08001499   Thumb Code    54  stm32f4xx_hal_msp.o(i.HAL_I2C_MspDeInit)
    HAL_I2C_MspInit                          0x080014d9   Thumb Code   160  stm32f4xx_hal_msp.o(i.HAL_I2C_MspInit)
    HAL_I2C_SlaveRxCpltCallback              0x08001581   Thumb Code     2  stm32f4xx_hal_i2c.o(i.HAL_I2C_SlaveRxCpltCallback)
    HAL_I2C_SlaveTxCpltCallback              0x08001583   Thumb Code     2  stm32f4xx_hal_i2c.o(i.HAL_I2C_SlaveTxCpltCallback)
    HAL_IncTick                              0x08001585   Thumb Code    10  stm32f4xx_hal.o(i.HAL_IncTick)
    HAL_Init                                 0x08001595   Thumb Code    48  stm32f4xx_hal.o(i.HAL_Init)
    HAL_InitTick                             0x080015c9   Thumb Code    34  stm32f4xx_hal.o(i.HAL_InitTick)
    HAL_MspInit                              0x080015f1   Thumb Code     2  stm32f4xx_hal_msp.o(i.HAL_MspInit)
    HAL_NVIC_DisableIRQ                      0x080015f3   Thumb Code    34  stm32f4xx_hal_cortex.o(i.HAL_NVIC_DisableIRQ)
    HAL_NVIC_EnableIRQ                       0x08001615   Thumb Code    26  stm32f4xx_hal_cortex.o(i.HAL_NVIC_EnableIRQ)
    HAL_NVIC_SetPriority                     0x08001631   Thumb Code    60  stm32f4xx_hal_cortex.o(i.HAL_NVIC_SetPriority)
    HAL_NVIC_SetPriorityGrouping             0x08001671   Thumb Code    26  stm32f4xx_hal_cortex.o(i.HAL_NVIC_SetPriorityGrouping)
    HAL_RCC_ClockConfig                      0x08001695   Thumb Code   286  stm32f4xx_hal_rcc.o(i.HAL_RCC_ClockConfig)
    HAL_RCC_GetHCLKFreq                      0x080017c5   Thumb Code     6  stm32f4xx_hal_rcc.o(i.HAL_RCC_GetHCLKFreq)
    HAL_RCC_GetPCLK1Freq                     0x080017d1   Thumb Code    20  stm32f4xx_hal_rcc.o(i.HAL_RCC_GetPCLK1Freq)
    HAL_RCC_GetPCLK2Freq                     0x080017f1   Thumb Code    20  stm32f4xx_hal_rcc.o(i.HAL_RCC_GetPCLK2Freq)
    HAL_RCC_GetSysClockFreq                  0x08001811   Thumb Code    88  stm32f4xx_hal_rcc.o(i.HAL_RCC_GetSysClockFreq)
    HAL_RCC_OscConfig                        0x08001871   Thumb Code   730  stm32f4xx_hal_rcc.o(i.HAL_RCC_OscConfig)
    HAL_SYSTICK_Config                       0x08001b61   Thumb Code    40  stm32f4xx_hal_cortex.o(i.HAL_SYSTICK_Config)
    HAL_TIMEx_BreakCallback                  0x08001b89   Thumb Code     2  stm32f4xx_hal_tim_ex.o(i.HAL_TIMEx_BreakCallback)
    HAL_TIMEx_CommutationCallback            0x08001b8b   Thumb Code     2  stm32f4xx_hal_tim_ex.o(i.HAL_TIMEx_CommutationCallback)
    HAL_TIM_Base_Init                        0x08001b8d   Thumb Code    54  stm32f4xx_hal_tim.o(i.HAL_TIM_Base_Init)
    HAL_TIM_Base_MspInit                     0x08001bc5   Thumb Code    40  stm32f4xx_hal_msp.o(i.HAL_TIM_Base_MspInit)
    HAL_TIM_Base_Start_IT                    0x08001bf1   Thumb Code    24  stm32f4xx_hal_tim.o(i.HAL_TIM_Base_Start_IT)
    HAL_TIM_IC_CaptureCallback               0x08001c09   Thumb Code     2  stm32f4xx_hal_tim.o(i.HAL_TIM_IC_CaptureCallback)
    HAL_TIM_IRQHandler                       0x08001c0b   Thumb Code   358  stm32f4xx_hal_tim.o(i.HAL_TIM_IRQHandler)
    HAL_TIM_OC_DelayElapsedCallback          0x08001d71   Thumb Code     2  stm32f4xx_hal_tim.o(i.HAL_TIM_OC_DelayElapsedCallback)
    HAL_TIM_PWM_PulseFinishedCallback        0x08001d73   Thumb Code     2  stm32f4xx_hal_tim.o(i.HAL_TIM_PWM_PulseFinishedCallback)
    HAL_TIM_PeriodElapsedCallback            0x08001d75   Thumb Code    72  hw_config.o(i.HAL_TIM_PeriodElapsedCallback)
    HAL_TIM_TriggerCallback                  0x08001dd5   Thumb Code     2  stm32f4xx_hal_tim.o(i.HAL_TIM_TriggerCallback)
    HAL_UART_Init                            0x08001dd7   Thumb Code    98  stm32f4xx_hal_uart.o(i.HAL_UART_Init)
    HAL_UART_MspInit                         0x08001e39   Thumb Code   104  stm32f4xx_hal_msp.o(i.HAL_UART_MspInit)
    HAL_UART_Transmit                        0x08001ea9   Thumb Code   186  stm32f4xx_hal_uart.o(i.HAL_UART_Transmit)
    HardFault_Handler                        0x08001f63   Thumb Code     2  stm32f4xx_it.o(i.HardFault_Handler)
    I2C1_ER_IRQHandler                       0x08001f65   Thumb Code     6  stm32f4xx_it.o(i.I2C1_ER_IRQHandler)
    I2C1_EV_IRQHandler                       0x08001f71   Thumb Code     6  stm32f4xx_it.o(i.I2C1_EV_IRQHandler)
    MemManage_Handler                        0x08002a0d   Thumb Code     2  stm32f4xx_it.o(i.MemManage_Handler)
    NMI_Handler                              0x08002a0f   Thumb Code     2  stm32f4xx_it.o(i.NMI_Handler)
    PendSV_Handler                           0x08002a11   Thumb Code     2  stm32f4xx_it.o(i.PendSV_Handler)
    PollingProcedure                         0x08002a15   Thumb Code   128  hw_config.o(i.PollingProcedure)
    SVC_Handler                              0x08002ae1   Thumb Code     2  stm32f4xx_it.o(i.SVC_Handler)
    SysTick_Handler                          0x08002ae3   Thumb Code     4  stm32f4xx_it.o(i.SysTick_Handler)
    SystemInit                               0x08002b6d   Thumb Code    66  system_stm32f4xx.o(i.SystemInit)
    TIM1_TRG_COM_TIM11_IRQHandler            0x08002bc1   Thumb Code     6  stm32f4xx_it.o(i.TIM1_TRG_COM_TIM11_IRQHandler)
    TIM_Base_SetConfig                       0x08002bcd   Thumb Code   114  stm32f4xx_hal_tim.o(i.TIM_Base_SetConfig)
    TIM_Config                               0x08002c5d   Thumb Code    46  hw_config.o(i.TIM_Config)
    Tilt_Angle_Calculate                     0x08002c95   Thumb Code   248  mems_calculate.o(i.Tilt_Angle_Calculate)
    USART_Config                             0x080030a9   Thumb Code    96  hw_config.o(i.USART_Config)
    UsageFault_Handler                       0x08003189   Thumb Code     2  stm32f4xx_it.o(i.UsageFault_Handler)
    __0printf                                0x0800318d   Thumb Code    22  printfa.o(i.__0printf)
    __1printf                                0x0800318d   Thumb Code     0  printfa.o(i.__0printf)
    __2printf                                0x0800318d   Thumb Code     0  printfa.o(i.__0printf)
    __c89printf                              0x0800318d   Thumb Code     0  printfa.o(i.__0printf)
    printf                                   0x0800318d   Thumb Code     0  printfa.o(i.__0printf)
    __ARM_fpclassify                         0x080031ad   Thumb Code    48  fpclassify.o(i.__ARM_fpclassify)
    __hardfp_atan                            0x08003201   Thumb Code   622  atan.o(i.__hardfp_atan)
    __hardfp_sqrt                            0x080034d9   Thumb Code   122  sqrt.o(i.__hardfp_sqrt)
    __kernel_poly                            0x08003553   Thumb Code   248  poly.o(i.__kernel_poly)
    __mathlib_dbl_infnan                     0x0800364b   Thumb Code    20  dunder.o(i.__mathlib_dbl_infnan)
    __mathlib_dbl_underflow                  0x08003661   Thumb Code    24  dunder.o(i.__mathlib_dbl_underflow)
    __scatterload_copy                       0x08003681   Thumb Code    14  handlers.o(i.__scatterload_copy)
    __scatterload_null                       0x0800368f   Thumb Code     2  handlers.o(i.__scatterload_null)
    __scatterload_zeroinit                   0x08003691   Thumb Code    14  handlers.o(i.__scatterload_zeroinit)
    __set_errno                              0x080036a1   Thumb Code     6  errno.o(i.__set_errno)
    appLSM6DS3_CommonInit                    0x08003f5f   Thumb Code    76  stm32f4xx_lsm6ds3.o(i.appLSM6DS3_CommonInit)
    appLSM6DS3_GetAcc                        0x08003fad   Thumb Code   306  stm32f4xx_lsm6ds3.o(i.appLSM6DS3_GetAcc)
    appLSM6DS3_GetAccData                    0x080040f1   Thumb Code    40  stm32f4xx_lsm6ds3.o(i.appLSM6DS3_GetAccData)
    appLSM6DS3_GetGyro                       0x0800411d   Thumb Code   336  stm32f4xx_lsm6ds3.o(i.appLSM6DS3_GetGyro)
    appLSM6DS3_GetGyroData                   0x08004281   Thumb Code    40  stm32f4xx_lsm6ds3.o(i.appLSM6DS3_GetGyroData)
    appLSM6DS3_I2C_DeInit                    0x080042ad   Thumb Code    16  stm32f4xx_lsm6ds3.o(i.appLSM6DS3_I2C_DeInit)
    appLSM6DS3_I2C_Init                      0x080042c1   Thumb Code    56  stm32f4xx_lsm6ds3.o(i.appLSM6DS3_I2C_Init)
    appLSM6DS3_Read                          0x08004305   Thumb Code    36  stm32f4xx_lsm6ds3.o(i.appLSM6DS3_Read)
    appLSM6DS3_SelfTest                      0x08004331   Thumb Code    14  stm32f4xx_lsm6ds3.o(i.appLSM6DS3_SelfTest)
    appLSM6DS3_SetACC                        0x0800433f   Thumb Code    80  stm32f4xx_lsm6ds3.o(i.appLSM6DS3_SetACC)
    appLSM6DS3_SetAccData                    0x08004391   Thumb Code    24  stm32f4xx_lsm6ds3.o(i.appLSM6DS3_SetAccData)
    appLSM6DS3_SetGyro                       0x080043ad   Thumb Code    92  stm32f4xx_lsm6ds3.o(i.appLSM6DS3_SetGyro)
    appLSM6DS3_SetGyroData                   0x08004409   Thumb Code    24  stm32f4xx_lsm6ds3.o(i.appLSM6DS3_SetGyroData)
    appLSM6DS3_Setup                         0x08004425   Thumb Code    18  stm32f4xx_lsm6ds3.o(i.appLSM6DS3_Setup)
    appLSM6DS3_Write                         0x08004439   Thumb Code    36  stm32f4xx_lsm6ds3.o(i.appLSM6DS3_Write)
    fabs                                     0x08004465   Thumb Code    24  fabs.o(i.fabs)
    fputc                                    0x0800447d   Thumb Code    20  hw_config.o(i.fputc)
    kalman_filter                            0x08004495   Thumb Code   220  kalman_filter.o(i.kalman_filter)
    main                                     0x08004581   Thumb Code    62  main.o(i.main)
    AHBPrescTable                            0x0800466a   Data          16  system_stm32f4xx.o(.constdata)
    APBPrescTable                            0x0800467a   Data           8  system_stm32f4xx.o(.constdata)
    Region$$Table$$Base                      0x0800476c   Number         0  anon$$obj.o(Region$$Table)
    Region$$Table$$Limit                     0x0800478c   Number         0  anon$$obj.o(Region$$Table)
    uwTick                                   0x20000000   Data           4  stm32f4xx_hal.o(.data)
    Flag_Button                              0x20000004   Data           1  hw_config.o(.data)
    Flag_swap                                0x20000005   Data           1  hw_config.o(.data)
    tickstart                                0x2000000c   Data           4  hw_config.o(.data)
    Flag_Calibrate                           0x20000014   Data           1  mems_calculate.o(.data)
    gx                                       0x20000016   Data           2  mems_calculate.o(.data)
    gy                                       0x20000018   Data           2  mems_calculate.o(.data)
    gz                                       0x2000001a   Data           2  mems_calculate.o(.data)
    ax                                       0x2000001c   Data           2  mems_calculate.o(.data)
    ay                                       0x2000001e   Data           2  mems_calculate.o(.data)
    az                                       0x20000020   Data           2  mems_calculate.o(.data)
    RollAng                                  0x20000024   Data           4  mems_calculate.o(.data)
    PitchAng                                 0x20000028   Data           4  mems_calculate.o(.data)
    I2C_LSM6DS3_Timeout                      0x20000050   Data           4  stm32f4xx_lsm6ds3.o(.data)
    SystemCoreClock                          0x20000054   Data           4  system_stm32f4xx.o(.data)
    __stdout                                 0x20000094   Data           4  stdout.o(.data)
    TIMxHandle                               0x2000009c   Data          60  hw_config.o(.bss)
    UartHandle                               0x200000d8   Data          64  hw_config.o(.bss)
    ax_buf                                   0x20000118   Data          32  mems_calculate.o(.bss)
    ay_buf                                   0x20000138   Data          32  mems_calculate.o(.bss)
    az_buf                                   0x20000158   Data          32  mems_calculate.o(.bss)
    gx_buf                                   0x20000178   Data          32  mems_calculate.o(.bss)
    gy_buf                                   0x20000198   Data          32  mems_calculate.o(.bss)
    gz_buf                                   0x200001b8   Data          32  mems_calculate.o(.bss)
    I2C_LSM6DS3_Handle                       0x200001d8   Data          84  stm32f4xx_lsm6ds3.o(.bss)
    __initial_sp                             0x20000640   Data           0  startup_stm32f401xe.o(STACK)



==============================================================================

Memory Map of the image

  Image Entry point : 0x08000195

  Load Region LR_IROM1 (Base: 0x08000000, Size: 0x00004828, Max: 0x00080000, ABSOLUTE)

    Execution Region ER_IROM1 (Exec base: 0x08000000, Load base: 0x08000000, Size: 0x0000478c, Max: 0x00080000, ABSOLUTE)

    Exec Addr    Load Addr    Size         Type   Attr      Idx    E Section Name        Object

    0x08000000   0x08000000   0x00000194   Data   RO         6658    RESET               startup_stm32f401xe.o
    0x08000194   0x08000194   0x00000000   Code   RO         7421  * .ARM.Collect$$$$00000000  mc_w.l(entry.o)
    0x08000194   0x08000194   0x00000004   Code   RO         7728    .ARM.Collect$$$$00000001  mc_w.l(entry2.o)
    0x08000198   0x08000198   0x00000004   Code   RO         7731    .ARM.Collect$$$$00000004  mc_w.l(entry5.o)
    0x0800019c   0x0800019c   0x00000000   Code   RO         7733    .ARM.Collect$$$$00000008  mc_w.l(entry7b.o)
    0x0800019c   0x0800019c   0x00000000   Code   RO         7735    .ARM.Collect$$$$0000000A  mc_w.l(entry8b.o)
    0x0800019c   0x0800019c   0x00000008   Code   RO         7736    .ARM.Collect$$$$0000000B  mc_w.l(entry9a.o)
    0x080001a4   0x080001a4   0x00000000   Code   RO         7738    .ARM.Collect$$$$0000000D  mc_w.l(entry10a.o)
    0x080001a4   0x080001a4   0x00000000   Code   RO         7740    .ARM.Collect$$$$0000000F  mc_w.l(entry11a.o)
    0x080001a4   0x080001a4   0x00000004   Code   RO         7729    .ARM.Collect$$$$00002712  mc_w.l(entry2.o)
    0x080001a8   0x080001a8   0x00000024   Code   RO         6659    .text               startup_stm32f401xe.o
    0x080001cc   0x080001cc   0x00000062   Code   RO         7424    .text               mc_w.l(uldiv.o)
    0x0800022e   0x0800022e   0x000000e4   Code   RO         7691    .text               mf_w.l(dmul.o)
    0x08000312   0x08000312   0x00000026   Code   RO         7697    .text               mf_w.l(f2d.o)
    0x08000338   0x08000338   0x00000030   Code   RO         7699    .text               mf_w.l(cdrcmple.o)
    0x08000368   0x08000368   0x00000038   Code   RO         7701    .text               mf_w.l(d2f.o)
    0x080003a0   0x080003a0   0x0000002c   Code   RO         7743    .text               mc_w.l(uidiv.o)
    0x080003cc   0x080003cc   0x0000001e   Code   RO         7745    .text               mc_w.l(llshl.o)
    0x080003ea   0x080003ea   0x00000020   Code   RO         7747    .text               mc_w.l(llushr.o)
    0x0800040a   0x0800040a   0x00000000   Code   RO         7756    .text               mc_w.l(iusefp.o)
    0x0800040a   0x0800040a   0x0000006e   Code   RO         7757    .text               mf_w.l(fepilogue.o)
    0x08000478   0x08000478   0x000000ba   Code   RO         7759    .text               mf_w.l(depilogue.o)
    0x08000532   0x08000532   0x0000014e   Code   RO         7761    .text               mf_w.l(dadd.o)
    0x08000680   0x08000680   0x000000de   Code   RO         7763    .text               mf_w.l(ddiv.o)
    0x0800075e   0x0800075e   0x000000a2   Code   RO         7769    .text               mf_w.l(dsqrt.o)
    0x08000800   0x08000800   0x00000030   Code   RO         7771    .text               mf_w.l(dfixul.o)
    0x08000830   0x08000830   0x00000024   Code   RO         7775    .text               mc_w.l(init.o)
    0x08000854   0x08000854   0x00000024   Code   RO         7777    .text               mc_w.l(llsshr.o)
    0x08000878   0x08000878   0x0000009c   Code   RO         7083    i.Accelerator_filter  mems_calculate.o
    0x08000914   0x08000914   0x00000002   Code   RO         6666    i.BusFault_Handler  stm32f4xx_it.o
    0x08000916   0x08000916   0x00000002   PAD
    0x08000918   0x08000918   0x0000003c   Code   RO         6887    i.Custom_ButtonConfig  custom_button.o
    0x08000954   0x08000954   0x00000002   Code   RO         6667    i.DebugMon_Handler  stm32f4xx_it.o
    0x08000956   0x08000956   0x00000002   PAD
    0x08000958   0x08000958   0x00000038   Code   RO         6946    i.GPIO_Config       hw_config.o
    0x08000990   0x08000990   0x0000009c   Code   RO         7085    i.Gyroscope_filter  mems_calculate.o
    0x08000a2c   0x08000a2c   0x00000024   Code   RO         5371    i.HAL_DMA_Abort_IT  stm32f4xx_hal_dma.o
    0x08000a50   0x08000a50   0x00000110   Code   RO         6575    i.HAL_GPIO_DeInit   stm32f4xx_hal_gpio.o
    0x08000b60   0x08000b60   0x00000188   Code   RO         6578    i.HAL_GPIO_Init     stm32f4xx_hal_gpio.o
    0x08000ce8   0x08000ce8   0x00000008   Code   RO         6581    i.HAL_GPIO_TogglePin  stm32f4xx_hal_gpio.o
    0x08000cf0   0x08000cf0   0x0000000c   Code   RO         5546    i.HAL_GetTick       stm32f4xx_hal.o
    0x08000cfc   0x08000cfc   0x00000002   Code   RO         4969    i.HAL_I2C_AbortCpltCallback  stm32f4xx_hal_i2c.o
    0x08000cfe   0x08000cfe   0x00000002   Code   RO         4970    i.HAL_I2C_AddrCallback  stm32f4xx_hal_i2c.o
    0x08000d00   0x08000d00   0x00000032   Code   RO         4971    i.HAL_I2C_DeInit    stm32f4xx_hal_i2c.o
    0x08000d32   0x08000d32   0x00000002   PAD
    0x08000d34   0x08000d34   0x000000c4   Code   RO         4973    i.HAL_I2C_ER_IRQHandler  stm32f4xx_hal_i2c.o
    0x08000df8   0x08000df8   0x000001f0   Code   RO         4974    i.HAL_I2C_EV_IRQHandler  stm32f4xx_hal_i2c.o
    0x08000fe8   0x08000fe8   0x00000014   Code   RO         7135    i.HAL_I2C_ErrorCallback  stm32f4xx_lsm6ds3.o
    0x08000ffc   0x08000ffc   0x00000006   Code   RO         4979    i.HAL_I2C_GetState  stm32f4xx_hal_i2c.o
    0x08001002   0x08001002   0x00000002   PAD
    0x08001004   0x08001004   0x00000108   Code   RO         4980    i.HAL_I2C_Init      stm32f4xx_hal_i2c.o
    0x0800110c   0x0800110c   0x00000002   Code   RO         4982    i.HAL_I2C_ListenCpltCallback  stm32f4xx_hal_i2c.o
    0x0800110e   0x0800110e   0x00000002   PAD
    0x08001110   0x08001110   0x00000014   Code   RO         7136    i.HAL_I2C_MasterRxCpltCallback  stm32f4xx_lsm6ds3.o
    0x08001124   0x08001124   0x00000014   Code   RO         7137    i.HAL_I2C_MasterTxCpltCallback  stm32f4xx_lsm6ds3.o
    0x08001138   0x08001138   0x00000014   Code   RO         7138    i.HAL_I2C_MemRxCpltCallback  stm32f4xx_lsm6ds3.o
    0x0800114c   0x0800114c   0x00000014   Code   RO         7139    i.HAL_I2C_MemTxCpltCallback  stm32f4xx_lsm6ds3.o
    0x08001160   0x08001160   0x000001fc   Code   RO         4996    i.HAL_I2C_Mem_Read  stm32f4xx_hal_i2c.o
    0x0800135c   0x0800135c   0x0000013c   Code   RO         4999    i.HAL_I2C_Mem_Write  stm32f4xx_hal_i2c.o
    0x08001498   0x08001498   0x00000040   Code   RO         6789    i.HAL_I2C_MspDeInit  stm32f4xx_hal_msp.o
    0x080014d8   0x080014d8   0x000000a8   Code   RO         6790    i.HAL_I2C_MspInit   stm32f4xx_hal_msp.o
    0x08001580   0x08001580   0x00000002   Code   RO         5004    i.HAL_I2C_SlaveRxCpltCallback  stm32f4xx_hal_i2c.o
    0x08001582   0x08001582   0x00000002   Code   RO         5005    i.HAL_I2C_SlaveTxCpltCallback  stm32f4xx_hal_i2c.o
    0x08001584   0x08001584   0x00000010   Code   RO         5548    i.HAL_IncTick       stm32f4xx_hal.o
    0x08001594   0x08001594   0x00000034   Code   RO         5549    i.HAL_Init          stm32f4xx_hal.o
    0x080015c8   0x080015c8   0x00000028   Code   RO         5550    i.HAL_InitTick      stm32f4xx_hal.o
    0x080015f0   0x080015f0   0x00000002   Code   RO         6792    i.HAL_MspInit       stm32f4xx_hal_msp.o
    0x080015f2   0x080015f2   0x00000022   Code   RO         4222    i.HAL_NVIC_DisableIRQ  stm32f4xx_hal_cortex.o
    0x08001614   0x08001614   0x0000001a   Code   RO         4223    i.HAL_NVIC_EnableIRQ  stm32f4xx_hal_cortex.o
    0x0800162e   0x0800162e   0x00000002   PAD
    0x08001630   0x08001630   0x00000040   Code   RO         4229    i.HAL_NVIC_SetPriority  stm32f4xx_hal_cortex.o
    0x08001670   0x08001670   0x00000024   Code   RO         4230    i.HAL_NVIC_SetPriorityGrouping  stm32f4xx_hal_cortex.o
    0x08001694   0x08001694   0x00000130   Code   RO         2473    i.HAL_RCC_ClockConfig  stm32f4xx_hal_rcc.o
    0x080017c4   0x080017c4   0x0000000c   Code   RO         2478    i.HAL_RCC_GetHCLKFreq  stm32f4xx_hal_rcc.o
    0x080017d0   0x080017d0   0x00000020   Code   RO         2480    i.HAL_RCC_GetPCLK1Freq  stm32f4xx_hal_rcc.o
    0x080017f0   0x080017f0   0x00000020   Code   RO         2481    i.HAL_RCC_GetPCLK2Freq  stm32f4xx_hal_rcc.o
    0x08001810   0x08001810   0x00000060   Code   RO         2482    i.HAL_RCC_GetSysClockFreq  stm32f4xx_hal_rcc.o
    0x08001870   0x08001870   0x000002f0   Code   RO         2485    i.HAL_RCC_OscConfig  stm32f4xx_hal_rcc.o
    0x08001b60   0x08001b60   0x00000028   Code   RO         4234    i.HAL_SYSTICK_Config  stm32f4xx_hal_cortex.o
    0x08001b88   0x08001b88   0x00000002   Code   RO          378    i.HAL_TIMEx_BreakCallback  stm32f4xx_hal_tim_ex.o
    0x08001b8a   0x08001b8a   0x00000002   Code   RO          379    i.HAL_TIMEx_CommutationCallback  stm32f4xx_hal_tim_ex.o
    0x08001b8c   0x08001b8c   0x00000036   Code   RO         5868    i.HAL_TIM_Base_Init  stm32f4xx_hal_tim.o
    0x08001bc2   0x08001bc2   0x00000002   PAD
    0x08001bc4   0x08001bc4   0x0000002c   Code   RO         6794    i.HAL_TIM_Base_MspInit  stm32f4xx_hal_msp.o
    0x08001bf0   0x08001bf0   0x00000018   Code   RO         5873    i.HAL_TIM_Base_Start_IT  stm32f4xx_hal_tim.o
    0x08001c08   0x08001c08   0x00000002   Code   RO         5897    i.HAL_TIM_IC_CaptureCallback  stm32f4xx_hal_tim.o
    0x08001c0a   0x08001c0a   0x00000166   Code   RO         5910    i.HAL_TIM_IRQHandler  stm32f4xx_hal_tim.o
    0x08001d70   0x08001d70   0x00000002   Code   RO         5913    i.HAL_TIM_OC_DelayElapsedCallback  stm32f4xx_hal_tim.o
    0x08001d72   0x08001d72   0x00000002   Code   RO         5940    i.HAL_TIM_PWM_PulseFinishedCallback  stm32f4xx_hal_tim.o
    0x08001d74   0x08001d74   0x00000060   Code   RO         6947    i.HAL_TIM_PeriodElapsedCallback  hw_config.o
    0x08001dd4   0x08001dd4   0x00000002   Code   RO         5951    i.HAL_TIM_TriggerCallback  stm32f4xx_hal_tim.o
    0x08001dd6   0x08001dd6   0x00000062   Code   RO         1031    i.HAL_UART_Init     stm32f4xx_hal_uart.o
    0x08001e38   0x08001e38   0x00000070   Code   RO         6796    i.HAL_UART_MspInit  stm32f4xx_hal_msp.o
    0x08001ea8   0x08001ea8   0x000000ba   Code   RO         1039    i.HAL_UART_Transmit  stm32f4xx_hal_uart.o
    0x08001f62   0x08001f62   0x00000002   Code   RO         6668    i.HardFault_Handler  stm32f4xx_it.o
    0x08001f64   0x08001f64   0x0000000c   Code   RO         6669    i.I2C1_ER_IRQHandler  stm32f4xx_it.o
    0x08001f70   0x08001f70   0x0000000c   Code   RO         6670    i.I2C1_EV_IRQHandler  stm32f4xx_it.o
    0x08001f7c   0x08001f7c   0x0000004e   Code   RO         5014    i.I2C_DMAAbort      stm32f4xx_hal_i2c.o
    0x08001fca   0x08001fca   0x00000002   PAD
    0x08001fcc   0x08001fcc   0x00000124   Code   RO         5017    i.I2C_ITError       stm32f4xx_hal_i2c.o
    0x080020f0   0x080020f0   0x00000028   Code   RO         5018    i.I2C_IsAcknowledgeFailed  stm32f4xx_hal_i2c.o
    0x08002118   0x08002118   0x000000be   Code   RO         5019    i.I2C_MasterReceive_BTF  stm32f4xx_hal_i2c.o
    0x080021d6   0x080021d6   0x00000084   Code   RO         5020    i.I2C_MasterReceive_RXNE  stm32f4xx_hal_i2c.o
    0x0800225a   0x0800225a   0x00000080   Code   RO         5023    i.I2C_MasterTransmit_BTF  stm32f4xx_hal_i2c.o
    0x080022da   0x080022da   0x00000002   PAD
    0x080022dc   0x080022dc   0x00000108   Code   RO         5024    i.I2C_MasterTransmit_TXE  stm32f4xx_hal_i2c.o
    0x080023e4   0x080023e4   0x000000f4   Code   RO         5025    i.I2C_Master_ADDR   stm32f4xx_hal_i2c.o
    0x080024d8   0x080024d8   0x0000005a   Code   RO         5026    i.I2C_Master_SB     stm32f4xx_hal_i2c.o
    0x08002532   0x08002532   0x000000f0   Code   RO         5027    i.I2C_RequestMemoryRead  stm32f4xx_hal_i2c.o
    0x08002622   0x08002622   0x00000002   PAD
    0x08002624   0x08002624   0x000000a0   Code   RO         5028    i.I2C_RequestMemoryWrite  stm32f4xx_hal_i2c.o
    0x080026c4   0x080026c4   0x00000084   Code   RO         5029    i.I2C_Slave_AF      stm32f4xx_hal_i2c.o
    0x08002748   0x08002748   0x000000dc   Code   RO         5030    i.I2C_Slave_STOPF   stm32f4xx_hal_i2c.o
    0x08002824   0x08002824   0x0000004e   Code   RO         5031    i.I2C_WaitOnBTFFlagUntilTimeout  stm32f4xx_hal_i2c.o
    0x08002872   0x08002872   0x00000060   Code   RO         5032    i.I2C_WaitOnFlagUntilTimeout  stm32f4xx_hal_i2c.o
    0x080028d2   0x080028d2   0x00000002   PAD
    0x080028d4   0x080028d4   0x00000088   Code   RO         5033    i.I2C_WaitOnMasterAddressFlagUntilTimeout  stm32f4xx_hal_i2c.o
    0x0800295c   0x0800295c   0x00000062   Code   RO         5034    i.I2C_WaitOnRXNEFlagUntilTimeout  stm32f4xx_hal_i2c.o
    0x080029be   0x080029be   0x0000004e   Code   RO         5035    i.I2C_WaitOnTXEFlagUntilTimeout  stm32f4xx_hal_i2c.o
    0x08002a0c   0x08002a0c   0x00000002   Code   RO         6671    i.MemManage_Handler  stm32f4xx_it.o
    0x08002a0e   0x08002a0e   0x00000002   Code   RO         6672    i.NMI_Handler       stm32f4xx_it.o
    0x08002a10   0x08002a10   0x00000002   Code   RO         6673    i.PendSV_Handler    stm32f4xx_it.o
    0x08002a12   0x08002a12   0x00000002   PAD
    0x08002a14   0x08002a14   0x000000cc   Code   RO         6948    i.PollingProcedure  hw_config.o
    0x08002ae0   0x08002ae0   0x00000002   Code   RO         6674    i.SVC_Handler       stm32f4xx_it.o
    0x08002ae2   0x08002ae2   0x00000004   Code   RO         6675    i.SysTick_Handler   stm32f4xx_it.o
    0x08002ae6   0x08002ae6   0x00000002   PAD
    0x08002ae8   0x08002ae8   0x00000084   Code   RO         6855    i.SystemClock_Config  main.o
    0x08002b6c   0x08002b6c   0x00000054   Code   RO         7302    i.SystemInit        system_stm32f4xx.o
    0x08002bc0   0x08002bc0   0x0000000c   Code   RO         6676    i.TIM1_TRG_COM_TIM11_IRQHandler  stm32f4xx_it.o
    0x08002bcc   0x08002bcc   0x00000090   Code   RO         5952    i.TIM_Base_SetConfig  stm32f4xx_hal_tim.o
    0x08002c5c   0x08002c5c   0x00000038   Code   RO         6949    i.TIM_Config        hw_config.o
    0x08002c94   0x08002c94   0x00000104   Code   RO         7086    i.Tilt_Angle_Calculate  mems_calculate.o
    0x08002d98   0x08002d98   0x000002ac   Code   RO         1057    i.UART_SetConfig    stm32f4xx_hal_uart.o
    0x08003044   0x08003044   0x00000064   Code   RO         1059    i.UART_WaitOnFlagUntilTimeout  stm32f4xx_hal_uart.o
    0x080030a8   0x080030a8   0x000000e0   Code   RO         6950    i.USART_Config      hw_config.o
    0x08003188   0x08003188   0x00000002   Code   RO         6677    i.UsageFault_Handler  stm32f4xx_it.o
    0x0800318a   0x0800318a   0x00000002   PAD
    0x0800318c   0x0800318c   0x00000020   Code   RO         7663    i.__0printf         mc_w.l(printfa.o)
    0x080031ac   0x080031ac   0x00000030   Code   RO         7723    i.__ARM_fpclassify  m_wm.l(fpclassify.o)
    0x080031dc   0x080031dc   0x00000020   Code   RO         4236    i.__NVIC_SetPriority  stm32f4xx_hal_cortex.o
    0x080031fc   0x080031fc   0x00000004   PAD
    0x08003200   0x08003200   0x000002d8   Code   RO         7369    i.__hardfp_atan     m_wm.l(atan.o)
    0x080034d8   0x080034d8   0x0000007a   Code   RO         7409    i.__hardfp_sqrt     m_wm.l(sqrt.o)
    0x08003552   0x08003552   0x000000f8   Code   RO         7725    i.__kernel_poly     m_wm.l(poly.o)
    0x0800364a   0x0800364a   0x00000014   Code   RO         7704    i.__mathlib_dbl_infnan  m_wm.l(dunder.o)
    0x0800365e   0x0800365e   0x00000002   PAD
    0x08003660   0x08003660   0x00000020   Code   RO         7709    i.__mathlib_dbl_underflow  m_wm.l(dunder.o)
    0x08003680   0x08003680   0x0000000e   Code   RO         7781    i.__scatterload_copy  mc_w.l(handlers.o)
    0x0800368e   0x0800368e   0x00000002   Code   RO         7782    i.__scatterload_null  mc_w.l(handlers.o)
    0x08003690   0x08003690   0x0000000e   Code   RO         7783    i.__scatterload_zeroinit  mc_w.l(handlers.o)
    0x0800369e   0x0800369e   0x00000002   PAD
    0x080036a0   0x080036a0   0x0000000c   Code   RO         7751    i.__set_errno       mc_w.l(errno.o)
    0x080036ac   0x080036ac   0x00000184   Code   RO         7670    i._fp_digits        mc_w.l(printfa.o)
    0x08003830   0x08003830   0x000006dc   Code   RO         7671    i._printf_core      mc_w.l(printfa.o)
    0x08003f0c   0x08003f0c   0x00000024   Code   RO         7672    i._printf_post_padding  mc_w.l(printfa.o)
    0x08003f30   0x08003f30   0x0000002e   Code   RO         7673    i._printf_pre_padding  mc_w.l(printfa.o)
    0x08003f5e   0x08003f5e   0x0000004c   Code   RO         7142    i.appLSM6DS3_CommonInit  stm32f4xx_lsm6ds3.o
    0x08003faa   0x08003faa   0x00000002   PAD
    0x08003fac   0x08003fac   0x00000144   Code   RO         7143    i.appLSM6DS3_GetAcc  stm32f4xx_lsm6ds3.o
    0x080040f0   0x080040f0   0x0000002c   Code   RO         7144    i.appLSM6DS3_GetAccData  stm32f4xx_lsm6ds3.o
    0x0800411c   0x0800411c   0x00000164   Code   RO         7145    i.appLSM6DS3_GetGyro  stm32f4xx_lsm6ds3.o
    0x08004280   0x08004280   0x0000002c   Code   RO         7146    i.appLSM6DS3_GetGyroData  stm32f4xx_lsm6ds3.o
    0x080042ac   0x080042ac   0x00000014   Code   RO         7147    i.appLSM6DS3_I2C_DeInit  stm32f4xx_lsm6ds3.o
    0x080042c0   0x080042c0   0x00000044   Code   RO         7148    i.appLSM6DS3_I2C_Init  stm32f4xx_lsm6ds3.o
    0x08004304   0x08004304   0x0000002c   Code   RO         7149    i.appLSM6DS3_Read   stm32f4xx_lsm6ds3.o
    0x08004330   0x08004330   0x0000000e   Code   RO         7150    i.appLSM6DS3_SelfTest  stm32f4xx_lsm6ds3.o
    0x0800433e   0x0800433e   0x00000050   Code   RO         7151    i.appLSM6DS3_SetACC  stm32f4xx_lsm6ds3.o
    0x0800438e   0x0800438e   0x00000002   PAD
    0x08004390   0x08004390   0x0000001c   Code   RO         7153    i.appLSM6DS3_SetAccData  stm32f4xx_lsm6ds3.o
    0x080043ac   0x080043ac   0x0000005c   Code   RO         7154    i.appLSM6DS3_SetGyro  stm32f4xx_lsm6ds3.o
    0x08004408   0x08004408   0x0000001c   Code   RO         7156    i.appLSM6DS3_SetGyroData  stm32f4xx_lsm6ds3.o
    0x08004424   0x08004424   0x00000012   Code   RO         7157    i.appLSM6DS3_Setup  stm32f4xx_lsm6ds3.o
    0x08004436   0x08004436   0x00000002   PAD
    0x08004438   0x08004438   0x0000002c   Code   RO         7158    i.appLSM6DS3_Write  stm32f4xx_lsm6ds3.o
    0x08004464   0x08004464   0x00000018   Code   RO         7719    i.fabs              m_wm.l(fabs.o)
    0x0800447c   0x0800447c   0x00000018   Code   RO         6951    i.fputc             hw_config.o
    0x08004494   0x08004494   0x000000ec   Code   RO         7339    i.kalman_filter     kalman_filter.o
    0x08004580   0x08004580   0x00000048   Code   RO         6856    i.main              main.o
    0x080045c8   0x080045c8   0x0000001e   Data   RO         6953    .constdata          hw_config.o
    0x080045e6   0x080045e6   0x00000084   Data   RO         7160    .constdata          stm32f4xx_lsm6ds3.o
    0x0800466a   0x0800466a   0x00000010   Data   RO         7303    .constdata          system_stm32f4xx.o
    0x0800467a   0x0800467a   0x00000008   Data   RO         7304    .constdata          system_stm32f4xx.o
    0x08004682   0x08004682   0x00000006   PAD
    0x08004688   0x08004688   0x00000098   Data   RO         7372    .constdata          m_wm.l(atan.o)
    0x08004720   0x08004720   0x0000004c   Data   RO         6954    .conststring        hw_config.o
    0x0800476c   0x0800476c   0x00000020   Data   RO         7779    Region$$Table       anon$$obj.o


    Execution Region RW_IRAM1 (Exec base: 0x20000000, Load base: 0x0800478c, Size: 0x00000640, Max: 0x00018000, ABSOLUTE)

    Exec Addr    Load Addr    Size         Type   Attr      Idx    E Section Name        Object

    0x20000000   0x0800478c   0x00000004   Data   RW         5555    .data               stm32f4xx_hal.o
    0x20000004   0x08004790   0x00000010   Data   RW         6955    .data               hw_config.o
    0x20000014   0x080047a0   0x00000024   Data   RW         7088    .data               mems_calculate.o
    0x20000038   0x080047c4   0x0000001c   Data   RW         7161    .data               stm32f4xx_lsm6ds3.o
    0x20000054   0x080047e0   0x00000004   Data   RW         7305    .data               system_stm32f4xx.o
    0x20000058   0x080047e4   0x0000003c   Data   RW         7346    .data               kalman_filter.o
    0x20000094   0x08004820   0x00000004   Data   RW         7742    .data               mc_w.l(stdout.o)
    0x20000098   0x08004824   0x00000004   Data   RW         7752    .data               mc_w.l(errno.o)
    0x2000009c        -       0x0000007c   Zero   RW         6952    .bss                hw_config.o
    0x20000118        -       0x000000c0   Zero   RW         7087    .bss                mems_calculate.o
    0x200001d8        -       0x00000054   Zero   RW         7159    .bss                stm32f4xx_lsm6ds3.o
    0x2000022c        -       0x00000010   Zero   RW         7340    .bss                kalman_filter.o
    0x2000023c   0x08004828   0x00000004   PAD
    0x20000240        -       0x00000400   Zero   RW         6656    STACK               startup_stm32f401xe.o


==============================================================================

Image component sizes


      Code (inc. data)   RO Data    RW Data    ZI Data      Debug   Object Name

        60          8          0          0          0       1135   custom_button.o
       660        250        106         16        124       4785   hw_config.o
       236         16          0         60         16       1992   kalman_filter.o
       204         20          0          0          0       1711   main.o
       572         28          0         36        192       3647   mems_calculate.o
        36          8        404          0       1024        876   startup_stm32f401xe.o
       120         22          0          4          0       4343   stm32f4xx_hal.o
       232         14          0          0          0      35373   stm32f4xx_hal_cortex.o
        36          0          0          0          0       1407   stm32f4xx_hal_dma.o
       672         62          0          0          0       3643   stm32f4xx_hal_gpio.o
      4542         68          0          0          0      31242   stm32f4xx_hal_i2c.o
       390         30          0          0          0       3870   stm32f4xx_hal_msp.o
      1228         78          0          0          0       6184   stm32f4xx_hal_rcc.o
       588         30          0          0          0       7295   stm32f4xx_hal_tim.o
         4          0          0          0          0       1890   stm32f4xx_hal_tim_ex.o
      1068          8          0          0          0       4588   stm32f4xx_hal_uart.o
        56         18          0          0          0       6364   stm32f4xx_it.o
      1380        146        132         28         84      22291   stm32f4xx_lsm6ds3.o
         0          0          0          0          0     411412   stm32f4xx_nucleo.o
        84         18         24          4          0       1383   system_stm32f4xx.o

    ----------------------------------------------------------------------
     12206        824        704        148       1444     555431   Object Totals
         0          0         32          0          0          0   (incl. Generated)
        38          0          6          0          4          0   (incl. Padding)

    ----------------------------------------------------------------------

      Code (inc. data)   RO Data    RW Data    ZI Data      Debug   Library Member Name

       728        106        152          0          0        228   atan.o
        52          8          0          0          0        248   dunder.o
        24          0          0          0          0        124   fabs.o
        48          0          0          0          0        124   fpclassify.o
       248          0          0          0          0        152   poly.o
       122          0          0          0          0        148   sqrt.o
         0          0          0          0          0          0   entry.o
         0          0          0          0          0          0   entry10a.o
         0          0          0          0          0          0   entry11a.o
         8          4          0          0          0          0   entry2.o
         4          0          0          0          0          0   entry5.o
         0          0          0          0          0          0   entry7b.o
         0          0          0          0          0          0   entry8b.o
         8          4          0          0          0          0   entry9a.o
        12          6          0          4          0         68   errno.o
        30          0          0          0          0          0   handlers.o
        36          8          0          0          0         68   init.o
         0          0          0          0          0          0   iusefp.o
        30          0          0          0          0         68   llshl.o
        36          0          0          0          0         68   llsshr.o
        32          0          0          0          0         68   llushr.o
      2258         90          0          0          0        452   printfa.o
         0          0          0          4          0          0   stdout.o
        44          0          0          0          0         80   uidiv.o
        98          0          0          0          0         92   uldiv.o
        48          0          0          0          0         68   cdrcmple.o
        56          0          0          0          0         88   d2f.o
       334          0          0          0          0        148   dadd.o
       222          0          0          0          0        100   ddiv.o
       186          0          0          0          0        176   depilogue.o
        48          0          0          0          0         68   dfixul.o
       228          0          0          0          0         96   dmul.o
       162          0          0          0          0        100   dsqrt.o
        38          0          0          0          0         68   f2d.o
       110          0          0          0          0        168   fepilogue.o

    ----------------------------------------------------------------------
      5254        226        152          8          0       3068   Library Totals
         4          0          0          0          0          0   (incl. Padding)

    ----------------------------------------------------------------------

      Code (inc. data)   RO Data    RW Data    ZI Data      Debug   Library Name

      1222        114        152          0          0       1024   m_wm.l
      2596        112          0          8          0        964   mc_w.l
      1432          0          0          0          0       1080   mf_w.l

    ----------------------------------------------------------------------
      5254        226        152          8          0       3068   Library Totals

    ----------------------------------------------------------------------

==============================================================================


      Code (inc. data)   RO Data    RW Data    ZI Data      Debug   

     17460       1050        856        156       1444     546315   Grand Totals
     17460       1050        856        156       1444     546315   ELF Image Totals
     17460       1050        856        156          0          0   ROM Totals

==============================================================================

    Total RO  Size (Code + RO Data)                18316 (  17.89kB)
    Total RW  Size (RW Data + ZI Data)              1600 (   1.56kB)
    Total ROM Size (Code + RO Data + RW Data)      18472 (  18.04kB)

==============================================================================

